[2026-01-06 22:38:07,553] multiqc                                            [DEBUG  ]  This is MultiQC v1.12
[2026-01-06 22:38:07,553] multiqc                                            [DEBUG  ]  No MultiQC config found: /usr/lib/python3/dist-packages/multiqc_config.yaml
[2026-01-06 22:38:07,554] multiqc                                            [DEBUG  ]  No MultiQC config found: /home/canou2004/.multiqc_config.yaml
[2026-01-06 22:38:07,555] multiqc                                            [DEBUG  ]  No MultiQC config found: multiqc_config.yaml
[2026-01-06 22:38:07,555] multiqc                                            [DEBUG  ]  Command used: /usr/bin/multiqc .
[2026-01-06 22:38:07,937] multiqc                                            [WARNING]  MultiQC Version v1.33 now available!
[2026-01-06 22:38:07,937] multiqc                                            [DEBUG  ]  Command     : /usr/bin/multiqc .
[2026-01-06 22:38:07,937] multiqc                                            [DEBUG  ]  Working dir : /mnt/c/Users/aimer/Documents/bioinfo_PROJ/2_qualitycheck/1_transcriptome
[2026-01-06 22:38:07,937] multiqc                                            [DEBUG  ]  Template    : default
[2026-01-06 22:38:07,937] multiqc                                            [DEBUG  ]  Running Python 3.10.12 (main, Nov  4 2025, 08:48:33) [GCC 11.4.0]
[2026-01-06 22:38:07,937] multiqc                                            [DEBUG  ]  Analysing modules: custom_content, ccs, ngsderive, purple, conpair, lima, peddy, somalier, methylQA, mosdepth, phantompeakqualtools, qualimap, preseq, quast, qorts, rna_seqc, rockhopper, rsem, rseqc, busco, bustools, goleft_indexcov, gffcompare, disambiguate, supernova, deeptools, sargasso, verifybamid, mirtrace, happy, mirtop, sambamba, homer, hops, macs2, theta2, snpeff, gatk, htseq, bcftools, featureCounts, fgbio, dragen, dedup, pbmarkdup, damageprofiler, biobambam2, jcvi, mtnucratio, picard, vep, sentieon, prokka, qc3C, nanostat, samblaster, samtools, sexdeterrmine, eigenstratdatabasetools, bamtools, jellyfish, vcftools, longranger, stacks, varscan2, snippy, bbmap, bismark, biscuit, hicexplorer, hicup, hicpro, salmon, kallisto, slamdunk, star, hisat2, tophat, bowtie2, bowtie1, snpsplit, odgi, pangolin, kat, leehom, adapterRemoval, clipandmerge, cutadapt, flexbar, kaiju, kraken, malt, trimmomatic, sickle, skewer, sortmerna, biobloomtools, fastq_screen, afterqc, fastp, fastqc, pychopper, pycoqc, minionqc, multivcfanalyzer, clusterflow, checkqc, bcl2fastq, bclconvert, interop, ivar, flash, seqyclean, optitype, whatshap
[2026-01-06 22:38:07,938] multiqc                                            [DEBUG  ]  Using temporary directory for creating report: /tmp/tmpdtidjyix
[2026-01-06 22:38:07,943] multiqc                                            [INFO   ]  Search path : /mnt/c/Users/aimer/Documents/bioinfo_PROJ/2_qualitycheck/1_transcriptome
[2026-01-06 22:38:08,115] multiqc                                            [DEBUG  ]  File ignored by ccs/v4 because it exceeded search pattern filesize limit: ERR1797969_1.subsampled_fastqc.html
[2026-01-06 22:38:08,165] multiqc                                            [DEBUG  ]  File ignored by hicexplorer because it exceeded search pattern filesize limit: ERR1797969_1.subsampled_fastqc.html
[2026-01-06 22:38:08,171] multiqc                                            [DEBUG  ]  File ignored by lima/summary because it exceeded search pattern filesize limit: ERR1797969_1.subsampled_fastqc.html
[2026-01-06 22:38:08,273] multiqc                                            [DEBUG  ]  File ignored by vep/vep_txt because it exceeded search pattern filesize limit: ERR1797969_1.subsampled_fastqc.html
[2026-01-06 22:38:08,275] multiqc                                            [DEBUG  ]  File ignored by longranger/invocation because it exceeded search pattern filesize limit: ERR1797969_1.subsampled_fastqc.html
[2026-01-06 22:38:08,275] multiqc                                            [DEBUG  ]  File ignored by rockhopper because it exceeded search pattern filesize limit: ERR1797969_1.subsampled_fastqc.html
[2026-01-06 22:38:08,275] multiqc                                            [DEBUG  ]  File ignored by rseqc/bam_stat because it exceeded search pattern filesize limit: ERR1797969_1.subsampled_fastqc.html
[2026-01-06 22:38:08,275] multiqc                                            [DEBUG  ]  File ignored by rseqc/junction_annotation because it exceeded search pattern filesize limit: ERR1797969_1.subsampled_fastqc.html
[2026-01-06 22:38:08,275] multiqc                                            [DEBUG  ]  File ignored by rseqc/read_distribution because it exceeded search pattern filesize limit: ERR1797969_1.subsampled_fastqc.html
[2026-01-06 22:38:08,276] multiqc                                            [DEBUG  ]  File ignored by rseqc/infer_experiment because it exceeded search pattern filesize limit: ERR1797969_1.subsampled_fastqc.html
[2026-01-06 22:38:10,022] multiqc                                            [DEBUG  ]  File ignored by nanostat because it exceeded search pattern filesize limit: ERR1797969_1.subsampled_fastqc.html
[2026-01-06 22:38:10,251] multiqc                                            [DEBUG  ]  File ignored by ccs/v4 because it exceeded search pattern filesize limit: ERR1797969_2.subsampled_fastqc.html
[2026-01-06 22:38:10,302] multiqc                                            [DEBUG  ]  File ignored by hicexplorer because it exceeded search pattern filesize limit: ERR1797969_2.subsampled_fastqc.html
[2026-01-06 22:38:10,306] multiqc                                            [DEBUG  ]  File ignored by lima/summary because it exceeded search pattern filesize limit: ERR1797969_2.subsampled_fastqc.html
[2026-01-06 22:38:10,401] multiqc                                            [DEBUG  ]  File ignored by vep/vep_txt because it exceeded search pattern filesize limit: ERR1797969_2.subsampled_fastqc.html
[2026-01-06 22:38:10,404] multiqc                                            [DEBUG  ]  File ignored by longranger/invocation because it exceeded search pattern filesize limit: ERR1797969_2.subsampled_fastqc.html
[2026-01-06 22:38:10,405] multiqc                                            [DEBUG  ]  File ignored by rockhopper because it exceeded search pattern filesize limit: ERR1797969_2.subsampled_fastqc.html
[2026-01-06 22:38:10,405] multiqc                                            [DEBUG  ]  File ignored by rseqc/bam_stat because it exceeded search pattern filesize limit: ERR1797969_2.subsampled_fastqc.html
[2026-01-06 22:38:10,405] multiqc                                            [DEBUG  ]  File ignored by rseqc/junction_annotation because it exceeded search pattern filesize limit: ERR1797969_2.subsampled_fastqc.html
[2026-01-06 22:38:10,406] multiqc                                            [DEBUG  ]  File ignored by rseqc/read_distribution because it exceeded search pattern filesize limit: ERR1797969_2.subsampled_fastqc.html
[2026-01-06 22:38:10,406] multiqc                                            [DEBUG  ]  File ignored by rseqc/infer_experiment because it exceeded search pattern filesize limit: ERR1797969_2.subsampled_fastqc.html
[2026-01-06 22:38:12,219] multiqc                                            [DEBUG  ]  File ignored by nanostat because it exceeded search pattern filesize limit: ERR1797969_2.subsampled_fastqc.html
[2026-01-06 22:38:12,468] multiqc                                            [DEBUG  ]  File ignored by ccs/v4 because it exceeded search pattern filesize limit: ERR1797970_1.subsampled_fastqc.html
[2026-01-06 22:38:12,520] multiqc                                            [DEBUG  ]  File ignored by hicexplorer because it exceeded search pattern filesize limit: ERR1797970_1.subsampled_fastqc.html
[2026-01-06 22:38:12,527] multiqc                                            [DEBUG  ]  File ignored by lima/summary because it exceeded search pattern filesize limit: ERR1797970_1.subsampled_fastqc.html
[2026-01-06 22:38:12,631] multiqc                                            [DEBUG  ]  File ignored by vep/vep_txt because it exceeded search pattern filesize limit: ERR1797970_1.subsampled_fastqc.html
[2026-01-06 22:38:12,635] multiqc                                            [DEBUG  ]  File ignored by longranger/invocation because it exceeded search pattern filesize limit: ERR1797970_1.subsampled_fastqc.html
[2026-01-06 22:38:12,635] multiqc                                            [DEBUG  ]  File ignored by rockhopper because it exceeded search pattern filesize limit: ERR1797970_1.subsampled_fastqc.html
[2026-01-06 22:38:12,635] multiqc                                            [DEBUG  ]  File ignored by rseqc/bam_stat because it exceeded search pattern filesize limit: ERR1797970_1.subsampled_fastqc.html
[2026-01-06 22:38:12,635] multiqc                                            [DEBUG  ]  File ignored by rseqc/junction_annotation because it exceeded search pattern filesize limit: ERR1797970_1.subsampled_fastqc.html
[2026-01-06 22:38:12,635] multiqc                                            [DEBUG  ]  File ignored by rseqc/read_distribution because it exceeded search pattern filesize limit: ERR1797970_1.subsampled_fastqc.html
[2026-01-06 22:38:12,635] multiqc                                            [DEBUG  ]  File ignored by rseqc/infer_experiment because it exceeded search pattern filesize limit: ERR1797970_1.subsampled_fastqc.html
[2026-01-06 22:38:14,358] multiqc                                            [DEBUG  ]  File ignored by nanostat because it exceeded search pattern filesize limit: ERR1797970_1.subsampled_fastqc.html
[2026-01-06 22:38:14,592] multiqc                                            [DEBUG  ]  File ignored by ccs/v4 because it exceeded search pattern filesize limit: ERR1797970_2.subsampled_fastqc.html
[2026-01-06 22:38:14,637] multiqc                                            [DEBUG  ]  File ignored by hicexplorer because it exceeded search pattern filesize limit: ERR1797970_2.subsampled_fastqc.html
[2026-01-06 22:38:14,644] multiqc                                            [DEBUG  ]  File ignored by lima/summary because it exceeded search pattern filesize limit: ERR1797970_2.subsampled_fastqc.html
[2026-01-06 22:38:14,735] multiqc                                            [DEBUG  ]  File ignored by vep/vep_txt because it exceeded search pattern filesize limit: ERR1797970_2.subsampled_fastqc.html
[2026-01-06 22:38:14,737] multiqc                                            [DEBUG  ]  File ignored by longranger/invocation because it exceeded search pattern filesize limit: ERR1797970_2.subsampled_fastqc.html
[2026-01-06 22:38:14,737] multiqc                                            [DEBUG  ]  File ignored by rockhopper because it exceeded search pattern filesize limit: ERR1797970_2.subsampled_fastqc.html
[2026-01-06 22:38:14,737] multiqc                                            [DEBUG  ]  File ignored by rseqc/bam_stat because it exceeded search pattern filesize limit: ERR1797970_2.subsampled_fastqc.html
[2026-01-06 22:38:14,738] multiqc                                            [DEBUG  ]  File ignored by rseqc/junction_annotation because it exceeded search pattern filesize limit: ERR1797970_2.subsampled_fastqc.html
[2026-01-06 22:38:14,738] multiqc                                            [DEBUG  ]  File ignored by rseqc/read_distribution because it exceeded search pattern filesize limit: ERR1797970_2.subsampled_fastqc.html
[2026-01-06 22:38:14,738] multiqc                                            [DEBUG  ]  File ignored by rseqc/infer_experiment because it exceeded search pattern filesize limit: ERR1797970_2.subsampled_fastqc.html
[2026-01-06 22:38:16,513] multiqc                                            [DEBUG  ]  File ignored by nanostat because it exceeded search pattern filesize limit: ERR1797970_2.subsampled_fastqc.html
[2026-01-06 22:38:16,759] multiqc                                            [DEBUG  ]  File ignored by ccs/v4 because it exceeded search pattern filesize limit: ERR1797971_1.subsampled_fastqc.html
[2026-01-06 22:38:16,805] multiqc                                            [DEBUG  ]  File ignored by hicexplorer because it exceeded search pattern filesize limit: ERR1797971_1.subsampled_fastqc.html
[2026-01-06 22:38:16,811] multiqc                                            [DEBUG  ]  File ignored by lima/summary because it exceeded search pattern filesize limit: ERR1797971_1.subsampled_fastqc.html
[2026-01-06 22:38:16,898] multiqc                                            [DEBUG  ]  File ignored by vep/vep_txt because it exceeded search pattern filesize limit: ERR1797971_1.subsampled_fastqc.html
[2026-01-06 22:38:16,900] multiqc                                            [DEBUG  ]  File ignored by longranger/invocation because it exceeded search pattern filesize limit: ERR1797971_1.subsampled_fastqc.html
[2026-01-06 22:38:16,900] multiqc                                            [DEBUG  ]  File ignored by rockhopper because it exceeded search pattern filesize limit: ERR1797971_1.subsampled_fastqc.html
[2026-01-06 22:38:16,901] multiqc                                            [DEBUG  ]  File ignored by rseqc/bam_stat because it exceeded search pattern filesize limit: ERR1797971_1.subsampled_fastqc.html
[2026-01-06 22:38:16,901] multiqc                                            [DEBUG  ]  File ignored by rseqc/junction_annotation because it exceeded search pattern filesize limit: ERR1797971_1.subsampled_fastqc.html
[2026-01-06 22:38:16,901] multiqc                                            [DEBUG  ]  File ignored by rseqc/read_distribution because it exceeded search pattern filesize limit: ERR1797971_1.subsampled_fastqc.html
[2026-01-06 22:38:16,901] multiqc                                            [DEBUG  ]  File ignored by rseqc/infer_experiment because it exceeded search pattern filesize limit: ERR1797971_1.subsampled_fastqc.html
[2026-01-06 22:38:18,624] multiqc                                            [DEBUG  ]  File ignored by nanostat because it exceeded search pattern filesize limit: ERR1797971_1.subsampled_fastqc.html
[2026-01-06 22:38:18,851] multiqc                                            [DEBUG  ]  File ignored by ccs/v4 because it exceeded search pattern filesize limit: ERR1797971_2.subsampled_fastqc.html
[2026-01-06 22:38:18,900] multiqc                                            [DEBUG  ]  File ignored by hicexplorer because it exceeded search pattern filesize limit: ERR1797971_2.subsampled_fastqc.html
[2026-01-06 22:38:18,910] multiqc                                            [DEBUG  ]  File ignored by lima/summary because it exceeded search pattern filesize limit: ERR1797971_2.subsampled_fastqc.html
[2026-01-06 22:38:19,000] multiqc                                            [DEBUG  ]  File ignored by vep/vep_txt because it exceeded search pattern filesize limit: ERR1797971_2.subsampled_fastqc.html
[2026-01-06 22:38:19,006] multiqc                                            [DEBUG  ]  File ignored by longranger/invocation because it exceeded search pattern filesize limit: ERR1797971_2.subsampled_fastqc.html
[2026-01-06 22:38:19,007] multiqc                                            [DEBUG  ]  File ignored by rockhopper because it exceeded search pattern filesize limit: ERR1797971_2.subsampled_fastqc.html
[2026-01-06 22:38:19,007] multiqc                                            [DEBUG  ]  File ignored by rseqc/bam_stat because it exceeded search pattern filesize limit: ERR1797971_2.subsampled_fastqc.html
[2026-01-06 22:38:19,007] multiqc                                            [DEBUG  ]  File ignored by rseqc/junction_annotation because it exceeded search pattern filesize limit: ERR1797971_2.subsampled_fastqc.html
[2026-01-06 22:38:19,007] multiqc                                            [DEBUG  ]  File ignored by rseqc/read_distribution because it exceeded search pattern filesize limit: ERR1797971_2.subsampled_fastqc.html
[2026-01-06 22:38:19,007] multiqc                                            [DEBUG  ]  File ignored by rseqc/infer_experiment because it exceeded search pattern filesize limit: ERR1797971_2.subsampled_fastqc.html
[2026-01-06 22:38:20,847] multiqc                                            [DEBUG  ]  File ignored by nanostat because it exceeded search pattern filesize limit: ERR1797971_2.subsampled_fastqc.html
[2026-01-06 22:38:21,092] multiqc                                            [DEBUG  ]  File ignored by ccs/v4 because it exceeded search pattern filesize limit: ERR1797972_1.subsampled_fastqc.html
[2026-01-06 22:38:21,141] multiqc                                            [DEBUG  ]  File ignored by hicexplorer because it exceeded search pattern filesize limit: ERR1797972_1.subsampled_fastqc.html
[2026-01-06 22:38:21,146] multiqc                                            [DEBUG  ]  File ignored by lima/summary because it exceeded search pattern filesize limit: ERR1797972_1.subsampled_fastqc.html
[2026-01-06 22:38:21,249] multiqc                                            [DEBUG  ]  File ignored by vep/vep_txt because it exceeded search pattern filesize limit: ERR1797972_1.subsampled_fastqc.html
[2026-01-06 22:38:21,252] multiqc                                            [DEBUG  ]  File ignored by longranger/invocation because it exceeded search pattern filesize limit: ERR1797972_1.subsampled_fastqc.html
[2026-01-06 22:38:21,252] multiqc                                            [DEBUG  ]  File ignored by rockhopper because it exceeded search pattern filesize limit: ERR1797972_1.subsampled_fastqc.html
[2026-01-06 22:38:21,252] multiqc                                            [DEBUG  ]  File ignored by rseqc/bam_stat because it exceeded search pattern filesize limit: ERR1797972_1.subsampled_fastqc.html
[2026-01-06 22:38:21,252] multiqc                                            [DEBUG  ]  File ignored by rseqc/junction_annotation because it exceeded search pattern filesize limit: ERR1797972_1.subsampled_fastqc.html
[2026-01-06 22:38:21,252] multiqc                                            [DEBUG  ]  File ignored by rseqc/read_distribution because it exceeded search pattern filesize limit: ERR1797972_1.subsampled_fastqc.html
[2026-01-06 22:38:21,252] multiqc                                            [DEBUG  ]  File ignored by rseqc/infer_experiment because it exceeded search pattern filesize limit: ERR1797972_1.subsampled_fastqc.html
[2026-01-06 22:38:22,988] multiqc                                            [DEBUG  ]  File ignored by nanostat because it exceeded search pattern filesize limit: ERR1797972_1.subsampled_fastqc.html
[2026-01-06 22:38:23,235] multiqc                                            [DEBUG  ]  File ignored by ccs/v4 because it exceeded search pattern filesize limit: ERR1797972_2.subsampled_fastqc.html
[2026-01-06 22:38:23,279] multiqc                                            [DEBUG  ]  File ignored by hicexplorer because it exceeded search pattern filesize limit: ERR1797972_2.subsampled_fastqc.html
[2026-01-06 22:38:23,284] multiqc                                            [DEBUG  ]  File ignored by lima/summary because it exceeded search pattern filesize limit: ERR1797972_2.subsampled_fastqc.html
[2026-01-06 22:38:23,380] multiqc                                            [DEBUG  ]  File ignored by vep/vep_txt because it exceeded search pattern filesize limit: ERR1797972_2.subsampled_fastqc.html
[2026-01-06 22:38:23,382] multiqc                                            [DEBUG  ]  File ignored by longranger/invocation because it exceeded search pattern filesize limit: ERR1797972_2.subsampled_fastqc.html
[2026-01-06 22:38:23,382] multiqc                                            [DEBUG  ]  File ignored by rockhopper because it exceeded search pattern filesize limit: ERR1797972_2.subsampled_fastqc.html
[2026-01-06 22:38:23,382] multiqc                                            [DEBUG  ]  File ignored by rseqc/bam_stat because it exceeded search pattern filesize limit: ERR1797972_2.subsampled_fastqc.html
[2026-01-06 22:38:23,382] multiqc                                            [DEBUG  ]  File ignored by rseqc/junction_annotation because it exceeded search pattern filesize limit: ERR1797972_2.subsampled_fastqc.html
[2026-01-06 22:38:23,383] multiqc                                            [DEBUG  ]  File ignored by rseqc/read_distribution because it exceeded search pattern filesize limit: ERR1797972_2.subsampled_fastqc.html
[2026-01-06 22:38:23,383] multiqc                                            [DEBUG  ]  File ignored by rseqc/infer_experiment because it exceeded search pattern filesize limit: ERR1797972_2.subsampled_fastqc.html
[2026-01-06 22:38:25,040] multiqc                                            [DEBUG  ]  File ignored by nanostat because it exceeded search pattern filesize limit: ERR1797972_2.subsampled_fastqc.html
[2026-01-06 22:38:25,252] multiqc                                            [DEBUG  ]  File ignored by ccs/v4 because it exceeded search pattern filesize limit: ERR1797973_1.subsampled_fastqc.html
[2026-01-06 22:38:25,300] multiqc                                            [DEBUG  ]  File ignored by hicexplorer because it exceeded search pattern filesize limit: ERR1797973_1.subsampled_fastqc.html
[2026-01-06 22:38:25,305] multiqc                                            [DEBUG  ]  File ignored by lima/summary because it exceeded search pattern filesize limit: ERR1797973_1.subsampled_fastqc.html
[2026-01-06 22:38:25,387] multiqc                                            [DEBUG  ]  File ignored by vep/vep_txt because it exceeded search pattern filesize limit: ERR1797973_1.subsampled_fastqc.html
[2026-01-06 22:38:25,391] multiqc                                            [DEBUG  ]  File ignored by longranger/invocation because it exceeded search pattern filesize limit: ERR1797973_1.subsampled_fastqc.html
[2026-01-06 22:38:25,391] multiqc                                            [DEBUG  ]  File ignored by rockhopper because it exceeded search pattern filesize limit: ERR1797973_1.subsampled_fastqc.html
[2026-01-06 22:38:25,391] multiqc                                            [DEBUG  ]  File ignored by rseqc/bam_stat because it exceeded search pattern filesize limit: ERR1797973_1.subsampled_fastqc.html
[2026-01-06 22:38:25,391] multiqc                                            [DEBUG  ]  File ignored by rseqc/junction_annotation because it exceeded search pattern filesize limit: ERR1797973_1.subsampled_fastqc.html
[2026-01-06 22:38:25,391] multiqc                                            [DEBUG  ]  File ignored by rseqc/read_distribution because it exceeded search pattern filesize limit: ERR1797973_1.subsampled_fastqc.html
[2026-01-06 22:38:25,391] multiqc                                            [DEBUG  ]  File ignored by rseqc/infer_experiment because it exceeded search pattern filesize limit: ERR1797973_1.subsampled_fastqc.html
[2026-01-06 22:38:27,077] multiqc                                            [DEBUG  ]  File ignored by nanostat because it exceeded search pattern filesize limit: ERR1797973_1.subsampled_fastqc.html
[2026-01-06 22:38:27,296] multiqc                                            [DEBUG  ]  File ignored by ccs/v4 because it exceeded search pattern filesize limit: ERR1797973_2.subsampled_fastqc.html
[2026-01-06 22:38:27,353] multiqc                                            [DEBUG  ]  File ignored by hicexplorer because it exceeded search pattern filesize limit: ERR1797973_2.subsampled_fastqc.html
[2026-01-06 22:38:27,358] multiqc                                            [DEBUG  ]  File ignored by lima/summary because it exceeded search pattern filesize limit: ERR1797973_2.subsampled_fastqc.html
[2026-01-06 22:38:27,466] multiqc                                            [DEBUG  ]  File ignored by vep/vep_txt because it exceeded search pattern filesize limit: ERR1797973_2.subsampled_fastqc.html
[2026-01-06 22:38:27,469] multiqc                                            [DEBUG  ]  File ignored by longranger/invocation because it exceeded search pattern filesize limit: ERR1797973_2.subsampled_fastqc.html
[2026-01-06 22:38:27,469] multiqc                                            [DEBUG  ]  File ignored by rockhopper because it exceeded search pattern filesize limit: ERR1797973_2.subsampled_fastqc.html
[2026-01-06 22:38:27,469] multiqc                                            [DEBUG  ]  File ignored by rseqc/bam_stat because it exceeded search pattern filesize limit: ERR1797973_2.subsampled_fastqc.html
[2026-01-06 22:38:27,469] multiqc                                            [DEBUG  ]  File ignored by rseqc/junction_annotation because it exceeded search pattern filesize limit: ERR1797973_2.subsampled_fastqc.html
[2026-01-06 22:38:27,469] multiqc                                            [DEBUG  ]  File ignored by rseqc/read_distribution because it exceeded search pattern filesize limit: ERR1797973_2.subsampled_fastqc.html
[2026-01-06 22:38:27,469] multiqc                                            [DEBUG  ]  File ignored by rseqc/infer_experiment because it exceeded search pattern filesize limit: ERR1797973_2.subsampled_fastqc.html
[2026-01-06 22:38:29,209] multiqc                                            [DEBUG  ]  File ignored by nanostat because it exceeded search pattern filesize limit: ERR1797973_2.subsampled_fastqc.html
[2026-01-06 22:38:29,438] multiqc                                            [DEBUG  ]  File ignored by ccs/v4 because it exceeded search pattern filesize limit: ERR1797974_1.subsampled_fastqc.html
[2026-01-06 22:38:29,483] multiqc                                            [DEBUG  ]  File ignored by hicexplorer because it exceeded search pattern filesize limit: ERR1797974_1.subsampled_fastqc.html
[2026-01-06 22:38:29,488] multiqc                                            [DEBUG  ]  File ignored by lima/summary because it exceeded search pattern filesize limit: ERR1797974_1.subsampled_fastqc.html
[2026-01-06 22:38:29,586] multiqc                                            [DEBUG  ]  File ignored by vep/vep_txt because it exceeded search pattern filesize limit: ERR1797974_1.subsampled_fastqc.html
[2026-01-06 22:38:29,588] multiqc                                            [DEBUG  ]  File ignored by longranger/invocation because it exceeded search pattern filesize limit: ERR1797974_1.subsampled_fastqc.html
[2026-01-06 22:38:29,588] multiqc                                            [DEBUG  ]  File ignored by rockhopper because it exceeded search pattern filesize limit: ERR1797974_1.subsampled_fastqc.html
[2026-01-06 22:38:29,588] multiqc                                            [DEBUG  ]  File ignored by rseqc/bam_stat because it exceeded search pattern filesize limit: ERR1797974_1.subsampled_fastqc.html
[2026-01-06 22:38:29,589] multiqc                                            [DEBUG  ]  File ignored by rseqc/junction_annotation because it exceeded search pattern filesize limit: ERR1797974_1.subsampled_fastqc.html
[2026-01-06 22:38:29,589] multiqc                                            [DEBUG  ]  File ignored by rseqc/read_distribution because it exceeded search pattern filesize limit: ERR1797974_1.subsampled_fastqc.html
[2026-01-06 22:38:29,589] multiqc                                            [DEBUG  ]  File ignored by rseqc/infer_experiment because it exceeded search pattern filesize limit: ERR1797974_1.subsampled_fastqc.html
[2026-01-06 22:38:31,319] multiqc                                            [DEBUG  ]  File ignored by nanostat because it exceeded search pattern filesize limit: ERR1797974_1.subsampled_fastqc.html
[2026-01-06 22:38:31,565] multiqc                                            [DEBUG  ]  File ignored by ccs/v4 because it exceeded search pattern filesize limit: ERR1797974_2.subsampled_fastqc.html
[2026-01-06 22:38:31,620] multiqc                                            [DEBUG  ]  File ignored by hicexplorer because it exceeded search pattern filesize limit: ERR1797974_2.subsampled_fastqc.html
[2026-01-06 22:38:31,627] multiqc                                            [DEBUG  ]  File ignored by lima/summary because it exceeded search pattern filesize limit: ERR1797974_2.subsampled_fastqc.html
[2026-01-06 22:38:31,711] multiqc                                            [DEBUG  ]  File ignored by vep/vep_txt because it exceeded search pattern filesize limit: ERR1797974_2.subsampled_fastqc.html
[2026-01-06 22:38:31,713] multiqc                                            [DEBUG  ]  File ignored by longranger/invocation because it exceeded search pattern filesize limit: ERR1797974_2.subsampled_fastqc.html
[2026-01-06 22:38:31,713] multiqc                                            [DEBUG  ]  File ignored by rockhopper because it exceeded search pattern filesize limit: ERR1797974_2.subsampled_fastqc.html
[2026-01-06 22:38:31,713] multiqc                                            [DEBUG  ]  File ignored by rseqc/bam_stat because it exceeded search pattern filesize limit: ERR1797974_2.subsampled_fastqc.html
[2026-01-06 22:38:31,713] multiqc                                            [DEBUG  ]  File ignored by rseqc/junction_annotation because it exceeded search pattern filesize limit: ERR1797974_2.subsampled_fastqc.html
[2026-01-06 22:38:31,713] multiqc                                            [DEBUG  ]  File ignored by rseqc/read_distribution because it exceeded search pattern filesize limit: ERR1797974_2.subsampled_fastqc.html
[2026-01-06 22:38:31,713] multiqc                                            [DEBUG  ]  File ignored by rseqc/infer_experiment because it exceeded search pattern filesize limit: ERR1797974_2.subsampled_fastqc.html
[2026-01-06 22:38:33,353] multiqc                                            [DEBUG  ]  File ignored by nanostat because it exceeded search pattern filesize limit: ERR1797974_2.subsampled_fastqc.html
[2026-01-06 22:38:34,429] multiqc.plots.linegraph                            [DEBUG  ]  Using matplotlib version 3.5.1
[2026-01-06 22:38:34,431] multiqc.plots.bargraph                             [DEBUG  ]  Using matplotlib version 3.5.1
[2026-01-06 22:38:34,736] multiqc.modules.fastqc.fastqc                      [INFO   ]  Found 12 reports
[2026-01-06 22:38:34,928] multiqc                                            [INFO   ]  Compressing plot data
[2026-01-06 22:38:35,144] multiqc                                            [INFO   ]  Report      : multiqc_report.html
[2026-01-06 22:38:35,144] multiqc                                            [INFO   ]  Data        : multiqc_data
[2026-01-06 22:38:35,144] multiqc                                            [DEBUG  ]  Moving data file from '/tmp/tmpdtidjyix/multiqc_data' to '/mnt/c/Users/aimer/Documents/bioinfo_PROJ/2_qualitycheck/1_transcriptome/multiqc_data'
[2026-01-06 22:38:35,434] multiqc                                            [INFO   ]  MultiQC complete
