[2026-01-09 12:22:21,537] multiqc                                            [DEBUG  ]  This is MultiQC v1.12
[2026-01-09 12:22:21,537] multiqc                                            [DEBUG  ]  No MultiQC config found: /usr/lib/python3/dist-packages/multiqc_config.yaml
[2026-01-09 12:22:21,537] multiqc                                            [DEBUG  ]  No MultiQC config found: /home/canou2004/.multiqc_config.yaml
[2026-01-09 12:22:21,539] multiqc                                            [DEBUG  ]  No MultiQC config found: multiqc_config.yaml
[2026-01-09 12:22:21,540] multiqc                                            [DEBUG  ]  Command used: /usr/bin/multiqc .
[2026-01-09 12:22:22,307] multiqc                                            [WARNING]  MultiQC Version v1.33 now available!
[2026-01-09 12:22:22,307] multiqc                                            [DEBUG  ]  Command     : /usr/bin/multiqc .
[2026-01-09 12:22:22,308] multiqc                                            [DEBUG  ]  Working dir : /mnt/c/Users/aimer/Documents/bioinfo_PROJ/6_trimmed_data/trimmed_transcriptome/trimmo_TruSeq3-PE/FASTQC_trimmo_TruSeq3-PE
[2026-01-09 12:22:22,308] multiqc                                            [DEBUG  ]  Template    : default
[2026-01-09 12:22:22,308] multiqc                                            [DEBUG  ]  Running Python 3.10.12 (main, Nov  4 2025, 08:48:33) [GCC 11.4.0]
[2026-01-09 12:22:22,310] multiqc                                            [DEBUG  ]  Analysing modules: custom_content, ccs, ngsderive, purple, conpair, lima, peddy, somalier, methylQA, mosdepth, phantompeakqualtools, qualimap, preseq, quast, qorts, rna_seqc, rockhopper, rsem, rseqc, busco, bustools, goleft_indexcov, gffcompare, disambiguate, supernova, deeptools, sargasso, verifybamid, mirtrace, happy, mirtop, sambamba, homer, hops, macs2, theta2, snpeff, gatk, htseq, bcftools, featureCounts, fgbio, dragen, dedup, pbmarkdup, damageprofiler, biobambam2, jcvi, mtnucratio, picard, vep, sentieon, prokka, qc3C, nanostat, samblaster, samtools, sexdeterrmine, eigenstratdatabasetools, bamtools, jellyfish, vcftools, longranger, stacks, varscan2, snippy, bbmap, bismark, biscuit, hicexplorer, hicup, hicpro, salmon, kallisto, slamdunk, star, hisat2, tophat, bowtie2, bowtie1, snpsplit, odgi, pangolin, kat, leehom, adapterRemoval, clipandmerge, cutadapt, flexbar, kaiju, kraken, malt, trimmomatic, sickle, skewer, sortmerna, biobloomtools, fastq_screen, afterqc, fastp, fastqc, pychopper, pycoqc, minionqc, multivcfanalyzer, clusterflow, checkqc, bcl2fastq, bclconvert, interop, ivar, flash, seqyclean, optitype, whatshap
[2026-01-09 12:22:22,312] multiqc                                            [DEBUG  ]  Using temporary directory for creating report: /tmp/tmpd2j_9j80
[2026-01-09 12:22:22,322] multiqc                                            [INFO   ]  Search path : /mnt/c/Users/aimer/Documents/bioinfo_PROJ/6_trimmed_data/trimmed_transcriptome/trimmo_TruSeq3-PE/FASTQC_trimmo_TruSeq3-PE
[2026-01-09 12:22:22,689] multiqc                                            [DEBUG  ]  File ignored by ccs/v4 because it exceeded search pattern filesize limit: output69_TruSeq3-PE_forward_paired_fastqc.html
[2026-01-09 12:22:22,801] multiqc                                            [DEBUG  ]  File ignored by hicexplorer because it exceeded search pattern filesize limit: output69_TruSeq3-PE_forward_paired_fastqc.html
[2026-01-09 12:22:22,812] multiqc                                            [DEBUG  ]  File ignored by lima/summary because it exceeded search pattern filesize limit: output69_TruSeq3-PE_forward_paired_fastqc.html
[2026-01-09 12:22:23,020] multiqc                                            [DEBUG  ]  File ignored by vep/vep_txt because it exceeded search pattern filesize limit: output69_TruSeq3-PE_forward_paired_fastqc.html
[2026-01-09 12:22:23,026] multiqc                                            [DEBUG  ]  File ignored by longranger/invocation because it exceeded search pattern filesize limit: output69_TruSeq3-PE_forward_paired_fastqc.html
[2026-01-09 12:22:23,026] multiqc                                            [DEBUG  ]  File ignored by rockhopper because it exceeded search pattern filesize limit: output69_TruSeq3-PE_forward_paired_fastqc.html
[2026-01-09 12:22:23,026] multiqc                                            [DEBUG  ]  File ignored by rseqc/bam_stat because it exceeded search pattern filesize limit: output69_TruSeq3-PE_forward_paired_fastqc.html
[2026-01-09 12:22:23,026] multiqc                                            [DEBUG  ]  File ignored by rseqc/junction_annotation because it exceeded search pattern filesize limit: output69_TruSeq3-PE_forward_paired_fastqc.html
[2026-01-09 12:22:23,026] multiqc                                            [DEBUG  ]  File ignored by rseqc/read_distribution because it exceeded search pattern filesize limit: output69_TruSeq3-PE_forward_paired_fastqc.html
[2026-01-09 12:22:23,027] multiqc                                            [DEBUG  ]  File ignored by rseqc/infer_experiment because it exceeded search pattern filesize limit: output69_TruSeq3-PE_forward_paired_fastqc.html
[2026-01-09 12:22:26,841] multiqc                                            [DEBUG  ]  File ignored by nanostat because it exceeded search pattern filesize limit: output69_TruSeq3-PE_forward_paired_fastqc.html
[2026-01-09 12:22:27,362] multiqc                                            [DEBUG  ]  File ignored by ccs/v4 because it exceeded search pattern filesize limit: output69_TruSeq3-PE_reverse_paired_fastqc.html
[2026-01-09 12:22:27,475] multiqc                                            [DEBUG  ]  File ignored by hicexplorer because it exceeded search pattern filesize limit: output69_TruSeq3-PE_reverse_paired_fastqc.html
[2026-01-09 12:22:27,488] multiqc                                            [DEBUG  ]  File ignored by lima/summary because it exceeded search pattern filesize limit: output69_TruSeq3-PE_reverse_paired_fastqc.html
[2026-01-09 12:22:27,702] multiqc                                            [DEBUG  ]  File ignored by vep/vep_txt because it exceeded search pattern filesize limit: output69_TruSeq3-PE_reverse_paired_fastqc.html
[2026-01-09 12:22:27,708] multiqc                                            [DEBUG  ]  File ignored by longranger/invocation because it exceeded search pattern filesize limit: output69_TruSeq3-PE_reverse_paired_fastqc.html
[2026-01-09 12:22:27,708] multiqc                                            [DEBUG  ]  File ignored by rockhopper because it exceeded search pattern filesize limit: output69_TruSeq3-PE_reverse_paired_fastqc.html
[2026-01-09 12:22:27,708] multiqc                                            [DEBUG  ]  File ignored by rseqc/bam_stat because it exceeded search pattern filesize limit: output69_TruSeq3-PE_reverse_paired_fastqc.html
[2026-01-09 12:22:27,708] multiqc                                            [DEBUG  ]  File ignored by rseqc/junction_annotation because it exceeded search pattern filesize limit: output69_TruSeq3-PE_reverse_paired_fastqc.html
[2026-01-09 12:22:27,708] multiqc                                            [DEBUG  ]  File ignored by rseqc/read_distribution because it exceeded search pattern filesize limit: output69_TruSeq3-PE_reverse_paired_fastqc.html
[2026-01-09 12:22:27,709] multiqc                                            [DEBUG  ]  File ignored by rseqc/infer_experiment because it exceeded search pattern filesize limit: output69_TruSeq3-PE_reverse_paired_fastqc.html
[2026-01-09 12:22:31,697] multiqc                                            [DEBUG  ]  File ignored by nanostat because it exceeded search pattern filesize limit: output69_TruSeq3-PE_reverse_paired_fastqc.html
[2026-01-09 12:22:32,219] multiqc                                            [DEBUG  ]  File ignored by ccs/v4 because it exceeded search pattern filesize limit: output70_TruSeq3-PE_forward_paired_fastqc.html
[2026-01-09 12:22:32,334] multiqc                                            [DEBUG  ]  File ignored by hicexplorer because it exceeded search pattern filesize limit: output70_TruSeq3-PE_forward_paired_fastqc.html
[2026-01-09 12:22:32,344] multiqc                                            [DEBUG  ]  File ignored by lima/summary because it exceeded search pattern filesize limit: output70_TruSeq3-PE_forward_paired_fastqc.html
[2026-01-09 12:22:32,554] multiqc                                            [DEBUG  ]  File ignored by vep/vep_txt because it exceeded search pattern filesize limit: output70_TruSeq3-PE_forward_paired_fastqc.html
[2026-01-09 12:22:32,559] multiqc                                            [DEBUG  ]  File ignored by longranger/invocation because it exceeded search pattern filesize limit: output70_TruSeq3-PE_forward_paired_fastqc.html
[2026-01-09 12:22:32,560] multiqc                                            [DEBUG  ]  File ignored by rockhopper because it exceeded search pattern filesize limit: output70_TruSeq3-PE_forward_paired_fastqc.html
[2026-01-09 12:22:32,560] multiqc                                            [DEBUG  ]  File ignored by rseqc/bam_stat because it exceeded search pattern filesize limit: output70_TruSeq3-PE_forward_paired_fastqc.html
[2026-01-09 12:22:32,560] multiqc                                            [DEBUG  ]  File ignored by rseqc/junction_annotation because it exceeded search pattern filesize limit: output70_TruSeq3-PE_forward_paired_fastqc.html
[2026-01-09 12:22:32,560] multiqc                                            [DEBUG  ]  File ignored by rseqc/read_distribution because it exceeded search pattern filesize limit: output70_TruSeq3-PE_forward_paired_fastqc.html
[2026-01-09 12:22:32,560] multiqc                                            [DEBUG  ]  File ignored by rseqc/infer_experiment because it exceeded search pattern filesize limit: output70_TruSeq3-PE_forward_paired_fastqc.html
[2026-01-09 12:22:36,332] multiqc                                            [DEBUG  ]  File ignored by nanostat because it exceeded search pattern filesize limit: output70_TruSeq3-PE_forward_paired_fastqc.html
[2026-01-09 12:22:36,829] multiqc                                            [DEBUG  ]  File ignored by ccs/v4 because it exceeded search pattern filesize limit: output70_TruSeq3-PE_reverse_paired_fastqc.html
[2026-01-09 12:22:36,940] multiqc                                            [DEBUG  ]  File ignored by hicexplorer because it exceeded search pattern filesize limit: output70_TruSeq3-PE_reverse_paired_fastqc.html
[2026-01-09 12:22:36,950] multiqc                                            [DEBUG  ]  File ignored by lima/summary because it exceeded search pattern filesize limit: output70_TruSeq3-PE_reverse_paired_fastqc.html
[2026-01-09 12:22:37,153] multiqc                                            [DEBUG  ]  File ignored by vep/vep_txt because it exceeded search pattern filesize limit: output70_TruSeq3-PE_reverse_paired_fastqc.html
[2026-01-09 12:22:37,159] multiqc                                            [DEBUG  ]  File ignored by longranger/invocation because it exceeded search pattern filesize limit: output70_TruSeq3-PE_reverse_paired_fastqc.html
[2026-01-09 12:22:37,159] multiqc                                            [DEBUG  ]  File ignored by rockhopper because it exceeded search pattern filesize limit: output70_TruSeq3-PE_reverse_paired_fastqc.html
[2026-01-09 12:22:37,159] multiqc                                            [DEBUG  ]  File ignored by rseqc/bam_stat because it exceeded search pattern filesize limit: output70_TruSeq3-PE_reverse_paired_fastqc.html
[2026-01-09 12:22:37,159] multiqc                                            [DEBUG  ]  File ignored by rseqc/junction_annotation because it exceeded search pattern filesize limit: output70_TruSeq3-PE_reverse_paired_fastqc.html
[2026-01-09 12:22:37,159] multiqc                                            [DEBUG  ]  File ignored by rseqc/read_distribution because it exceeded search pattern filesize limit: output70_TruSeq3-PE_reverse_paired_fastqc.html
[2026-01-09 12:22:37,159] multiqc                                            [DEBUG  ]  File ignored by rseqc/infer_experiment because it exceeded search pattern filesize limit: output70_TruSeq3-PE_reverse_paired_fastqc.html
[2026-01-09 12:22:41,313] multiqc                                            [DEBUG  ]  File ignored by nanostat because it exceeded search pattern filesize limit: output70_TruSeq3-PE_reverse_paired_fastqc.html
[2026-01-09 12:22:41,860] multiqc                                            [DEBUG  ]  File ignored by ccs/v4 because it exceeded search pattern filesize limit: output71_TruSeq3-PE_forward_paired_fastqc.html
[2026-01-09 12:22:41,978] multiqc                                            [DEBUG  ]  File ignored by hicexplorer because it exceeded search pattern filesize limit: output71_TruSeq3-PE_forward_paired_fastqc.html
[2026-01-09 12:22:41,989] multiqc                                            [DEBUG  ]  File ignored by lima/summary because it exceeded search pattern filesize limit: output71_TruSeq3-PE_forward_paired_fastqc.html
[2026-01-09 12:22:42,204] multiqc                                            [DEBUG  ]  File ignored by vep/vep_txt because it exceeded search pattern filesize limit: output71_TruSeq3-PE_forward_paired_fastqc.html
[2026-01-09 12:22:42,209] multiqc                                            [DEBUG  ]  File ignored by longranger/invocation because it exceeded search pattern filesize limit: output71_TruSeq3-PE_forward_paired_fastqc.html
[2026-01-09 12:22:42,209] multiqc                                            [DEBUG  ]  File ignored by rockhopper because it exceeded search pattern filesize limit: output71_TruSeq3-PE_forward_paired_fastqc.html
[2026-01-09 12:22:42,210] multiqc                                            [DEBUG  ]  File ignored by rseqc/bam_stat because it exceeded search pattern filesize limit: output71_TruSeq3-PE_forward_paired_fastqc.html
[2026-01-09 12:22:42,210] multiqc                                            [DEBUG  ]  File ignored by rseqc/junction_annotation because it exceeded search pattern filesize limit: output71_TruSeq3-PE_forward_paired_fastqc.html
[2026-01-09 12:22:42,210] multiqc                                            [DEBUG  ]  File ignored by rseqc/read_distribution because it exceeded search pattern filesize limit: output71_TruSeq3-PE_forward_paired_fastqc.html
[2026-01-09 12:22:42,210] multiqc                                            [DEBUG  ]  File ignored by rseqc/infer_experiment because it exceeded search pattern filesize limit: output71_TruSeq3-PE_forward_paired_fastqc.html
[2026-01-09 12:22:46,093] multiqc                                            [DEBUG  ]  File ignored by nanostat because it exceeded search pattern filesize limit: output71_TruSeq3-PE_forward_paired_fastqc.html
[2026-01-09 12:22:46,623] multiqc                                            [DEBUG  ]  File ignored by ccs/v4 because it exceeded search pattern filesize limit: output71_TruSeq3-PE_reverse_paired_fastqc.html
[2026-01-09 12:22:46,737] multiqc                                            [DEBUG  ]  File ignored by hicexplorer because it exceeded search pattern filesize limit: output71_TruSeq3-PE_reverse_paired_fastqc.html
[2026-01-09 12:22:46,747] multiqc                                            [DEBUG  ]  File ignored by lima/summary because it exceeded search pattern filesize limit: output71_TruSeq3-PE_reverse_paired_fastqc.html
[2026-01-09 12:22:46,957] multiqc                                            [DEBUG  ]  File ignored by vep/vep_txt because it exceeded search pattern filesize limit: output71_TruSeq3-PE_reverse_paired_fastqc.html
[2026-01-09 12:22:46,963] multiqc                                            [DEBUG  ]  File ignored by longranger/invocation because it exceeded search pattern filesize limit: output71_TruSeq3-PE_reverse_paired_fastqc.html
[2026-01-09 12:22:46,963] multiqc                                            [DEBUG  ]  File ignored by rockhopper because it exceeded search pattern filesize limit: output71_TruSeq3-PE_reverse_paired_fastqc.html
[2026-01-09 12:22:46,963] multiqc                                            [DEBUG  ]  File ignored by rseqc/bam_stat because it exceeded search pattern filesize limit: output71_TruSeq3-PE_reverse_paired_fastqc.html
[2026-01-09 12:22:46,963] multiqc                                            [DEBUG  ]  File ignored by rseqc/junction_annotation because it exceeded search pattern filesize limit: output71_TruSeq3-PE_reverse_paired_fastqc.html
[2026-01-09 12:22:46,963] multiqc                                            [DEBUG  ]  File ignored by rseqc/read_distribution because it exceeded search pattern filesize limit: output71_TruSeq3-PE_reverse_paired_fastqc.html
[2026-01-09 12:22:46,963] multiqc                                            [DEBUG  ]  File ignored by rseqc/infer_experiment because it exceeded search pattern filesize limit: output71_TruSeq3-PE_reverse_paired_fastqc.html
[2026-01-09 12:22:51,091] multiqc                                            [DEBUG  ]  File ignored by nanostat because it exceeded search pattern filesize limit: output71_TruSeq3-PE_reverse_paired_fastqc.html
[2026-01-09 12:22:51,631] multiqc                                            [DEBUG  ]  File ignored by ccs/v4 because it exceeded search pattern filesize limit: output72_TruSeq3-PE_forward_paired_fastqc.html
[2026-01-09 12:22:51,746] multiqc                                            [DEBUG  ]  File ignored by hicexplorer because it exceeded search pattern filesize limit: output72_TruSeq3-PE_forward_paired_fastqc.html
[2026-01-09 12:22:51,758] multiqc                                            [DEBUG  ]  File ignored by lima/summary because it exceeded search pattern filesize limit: output72_TruSeq3-PE_forward_paired_fastqc.html
[2026-01-09 12:22:51,973] multiqc                                            [DEBUG  ]  File ignored by vep/vep_txt because it exceeded search pattern filesize limit: output72_TruSeq3-PE_forward_paired_fastqc.html
[2026-01-09 12:22:51,979] multiqc                                            [DEBUG  ]  File ignored by longranger/invocation because it exceeded search pattern filesize limit: output72_TruSeq3-PE_forward_paired_fastqc.html
[2026-01-09 12:22:51,979] multiqc                                            [DEBUG  ]  File ignored by rockhopper because it exceeded search pattern filesize limit: output72_TruSeq3-PE_forward_paired_fastqc.html
[2026-01-09 12:22:51,979] multiqc                                            [DEBUG  ]  File ignored by rseqc/bam_stat because it exceeded search pattern filesize limit: output72_TruSeq3-PE_forward_paired_fastqc.html
[2026-01-09 12:22:51,979] multiqc                                            [DEBUG  ]  File ignored by rseqc/junction_annotation because it exceeded search pattern filesize limit: output72_TruSeq3-PE_forward_paired_fastqc.html
[2026-01-09 12:22:51,979] multiqc                                            [DEBUG  ]  File ignored by rseqc/read_distribution because it exceeded search pattern filesize limit: output72_TruSeq3-PE_forward_paired_fastqc.html
[2026-01-09 12:22:51,979] multiqc                                            [DEBUG  ]  File ignored by rseqc/infer_experiment because it exceeded search pattern filesize limit: output72_TruSeq3-PE_forward_paired_fastqc.html
[2026-01-09 12:22:55,817] multiqc                                            [DEBUG  ]  File ignored by nanostat because it exceeded search pattern filesize limit: output72_TruSeq3-PE_forward_paired_fastqc.html
[2026-01-09 12:22:56,329] multiqc                                            [DEBUG  ]  File ignored by ccs/v4 because it exceeded search pattern filesize limit: output72_TruSeq3-PE_reverse_paired_fastqc.html
[2026-01-09 12:22:56,446] multiqc                                            [DEBUG  ]  File ignored by hicexplorer because it exceeded search pattern filesize limit: output72_TruSeq3-PE_reverse_paired_fastqc.html
[2026-01-09 12:22:56,457] multiqc                                            [DEBUG  ]  File ignored by lima/summary because it exceeded search pattern filesize limit: output72_TruSeq3-PE_reverse_paired_fastqc.html
[2026-01-09 12:22:56,670] multiqc                                            [DEBUG  ]  File ignored by vep/vep_txt because it exceeded search pattern filesize limit: output72_TruSeq3-PE_reverse_paired_fastqc.html
[2026-01-09 12:22:56,676] multiqc                                            [DEBUG  ]  File ignored by longranger/invocation because it exceeded search pattern filesize limit: output72_TruSeq3-PE_reverse_paired_fastqc.html
[2026-01-09 12:22:56,676] multiqc                                            [DEBUG  ]  File ignored by rockhopper because it exceeded search pattern filesize limit: output72_TruSeq3-PE_reverse_paired_fastqc.html
[2026-01-09 12:22:56,676] multiqc                                            [DEBUG  ]  File ignored by rseqc/bam_stat because it exceeded search pattern filesize limit: output72_TruSeq3-PE_reverse_paired_fastqc.html
[2026-01-09 12:22:56,676] multiqc                                            [DEBUG  ]  File ignored by rseqc/junction_annotation because it exceeded search pattern filesize limit: output72_TruSeq3-PE_reverse_paired_fastqc.html
[2026-01-09 12:22:56,676] multiqc                                            [DEBUG  ]  File ignored by rseqc/read_distribution because it exceeded search pattern filesize limit: output72_TruSeq3-PE_reverse_paired_fastqc.html
[2026-01-09 12:22:56,677] multiqc                                            [DEBUG  ]  File ignored by rseqc/infer_experiment because it exceeded search pattern filesize limit: output72_TruSeq3-PE_reverse_paired_fastqc.html
[2026-01-09 12:23:00,563] multiqc                                            [DEBUG  ]  File ignored by nanostat because it exceeded search pattern filesize limit: output72_TruSeq3-PE_reverse_paired_fastqc.html
[2026-01-09 12:23:01,080] multiqc                                            [DEBUG  ]  File ignored by ccs/v4 because it exceeded search pattern filesize limit: output73_TruSeq3-PE_forward_paired_fastqc.html
[2026-01-09 12:23:01,190] multiqc                                            [DEBUG  ]  File ignored by hicexplorer because it exceeded search pattern filesize limit: output73_TruSeq3-PE_forward_paired_fastqc.html
[2026-01-09 12:23:01,201] multiqc                                            [DEBUG  ]  File ignored by lima/summary because it exceeded search pattern filesize limit: output73_TruSeq3-PE_forward_paired_fastqc.html
[2026-01-09 12:23:01,409] multiqc                                            [DEBUG  ]  File ignored by vep/vep_txt because it exceeded search pattern filesize limit: output73_TruSeq3-PE_forward_paired_fastqc.html
[2026-01-09 12:23:01,415] multiqc                                            [DEBUG  ]  File ignored by longranger/invocation because it exceeded search pattern filesize limit: output73_TruSeq3-PE_forward_paired_fastqc.html
[2026-01-09 12:23:01,415] multiqc                                            [DEBUG  ]  File ignored by rockhopper because it exceeded search pattern filesize limit: output73_TruSeq3-PE_forward_paired_fastqc.html
[2026-01-09 12:23:01,415] multiqc                                            [DEBUG  ]  File ignored by rseqc/bam_stat because it exceeded search pattern filesize limit: output73_TruSeq3-PE_forward_paired_fastqc.html
[2026-01-09 12:23:01,415] multiqc                                            [DEBUG  ]  File ignored by rseqc/junction_annotation because it exceeded search pattern filesize limit: output73_TruSeq3-PE_forward_paired_fastqc.html
[2026-01-09 12:23:01,416] multiqc                                            [DEBUG  ]  File ignored by rseqc/read_distribution because it exceeded search pattern filesize limit: output73_TruSeq3-PE_forward_paired_fastqc.html
[2026-01-09 12:23:01,416] multiqc                                            [DEBUG  ]  File ignored by rseqc/infer_experiment because it exceeded search pattern filesize limit: output73_TruSeq3-PE_forward_paired_fastqc.html
[2026-01-09 12:23:05,251] multiqc                                            [DEBUG  ]  File ignored by nanostat because it exceeded search pattern filesize limit: output73_TruSeq3-PE_forward_paired_fastqc.html
[2026-01-09 12:23:05,764] multiqc                                            [DEBUG  ]  File ignored by ccs/v4 because it exceeded search pattern filesize limit: output73_TruSeq3-PE_reverse_paired_fastqc.html
[2026-01-09 12:23:05,884] multiqc                                            [DEBUG  ]  File ignored by hicexplorer because it exceeded search pattern filesize limit: output73_TruSeq3-PE_reverse_paired_fastqc.html
[2026-01-09 12:23:05,895] multiqc                                            [DEBUG  ]  File ignored by lima/summary because it exceeded search pattern filesize limit: output73_TruSeq3-PE_reverse_paired_fastqc.html
[2026-01-09 12:23:06,106] multiqc                                            [DEBUG  ]  File ignored by vep/vep_txt because it exceeded search pattern filesize limit: output73_TruSeq3-PE_reverse_paired_fastqc.html
[2026-01-09 12:23:06,111] multiqc                                            [DEBUG  ]  File ignored by longranger/invocation because it exceeded search pattern filesize limit: output73_TruSeq3-PE_reverse_paired_fastqc.html
[2026-01-09 12:23:06,112] multiqc                                            [DEBUG  ]  File ignored by rockhopper because it exceeded search pattern filesize limit: output73_TruSeq3-PE_reverse_paired_fastqc.html
[2026-01-09 12:23:06,112] multiqc                                            [DEBUG  ]  File ignored by rseqc/bam_stat because it exceeded search pattern filesize limit: output73_TruSeq3-PE_reverse_paired_fastqc.html
[2026-01-09 12:23:06,112] multiqc                                            [DEBUG  ]  File ignored by rseqc/junction_annotation because it exceeded search pattern filesize limit: output73_TruSeq3-PE_reverse_paired_fastqc.html
[2026-01-09 12:23:06,112] multiqc                                            [DEBUG  ]  File ignored by rseqc/read_distribution because it exceeded search pattern filesize limit: output73_TruSeq3-PE_reverse_paired_fastqc.html
[2026-01-09 12:23:06,112] multiqc                                            [DEBUG  ]  File ignored by rseqc/infer_experiment because it exceeded search pattern filesize limit: output73_TruSeq3-PE_reverse_paired_fastqc.html
[2026-01-09 12:23:10,073] multiqc                                            [DEBUG  ]  File ignored by nanostat because it exceeded search pattern filesize limit: output73_TruSeq3-PE_reverse_paired_fastqc.html
[2026-01-09 12:23:10,606] multiqc                                            [DEBUG  ]  File ignored by ccs/v4 because it exceeded search pattern filesize limit: output74_TruSeq3-PE_forward_paired_fastqc.html
[2026-01-09 12:23:10,722] multiqc                                            [DEBUG  ]  File ignored by hicexplorer because it exceeded search pattern filesize limit: output74_TruSeq3-PE_forward_paired_fastqc.html
[2026-01-09 12:23:10,732] multiqc                                            [DEBUG  ]  File ignored by lima/summary because it exceeded search pattern filesize limit: output74_TruSeq3-PE_forward_paired_fastqc.html
[2026-01-09 12:23:10,943] multiqc                                            [DEBUG  ]  File ignored by vep/vep_txt because it exceeded search pattern filesize limit: output74_TruSeq3-PE_forward_paired_fastqc.html
[2026-01-09 12:23:10,949] multiqc                                            [DEBUG  ]  File ignored by longranger/invocation because it exceeded search pattern filesize limit: output74_TruSeq3-PE_forward_paired_fastqc.html
[2026-01-09 12:23:10,949] multiqc                                            [DEBUG  ]  File ignored by rockhopper because it exceeded search pattern filesize limit: output74_TruSeq3-PE_forward_paired_fastqc.html
[2026-01-09 12:23:10,949] multiqc                                            [DEBUG  ]  File ignored by rseqc/bam_stat because it exceeded search pattern filesize limit: output74_TruSeq3-PE_forward_paired_fastqc.html
[2026-01-09 12:23:10,949] multiqc                                            [DEBUG  ]  File ignored by rseqc/junction_annotation because it exceeded search pattern filesize limit: output74_TruSeq3-PE_forward_paired_fastqc.html
[2026-01-09 12:23:10,949] multiqc                                            [DEBUG  ]  File ignored by rseqc/read_distribution because it exceeded search pattern filesize limit: output74_TruSeq3-PE_forward_paired_fastqc.html
[2026-01-09 12:23:10,949] multiqc                                            [DEBUG  ]  File ignored by rseqc/infer_experiment because it exceeded search pattern filesize limit: output74_TruSeq3-PE_forward_paired_fastqc.html
[2026-01-09 12:23:14,767] multiqc                                            [DEBUG  ]  File ignored by nanostat because it exceeded search pattern filesize limit: output74_TruSeq3-PE_forward_paired_fastqc.html
[2026-01-09 12:23:15,270] multiqc                                            [DEBUG  ]  File ignored by ccs/v4 because it exceeded search pattern filesize limit: output74_TruSeq3-PE_reverse_paired_fastqc.html
[2026-01-09 12:23:15,380] multiqc                                            [DEBUG  ]  File ignored by hicexplorer because it exceeded search pattern filesize limit: output74_TruSeq3-PE_reverse_paired_fastqc.html
[2026-01-09 12:23:15,391] multiqc                                            [DEBUG  ]  File ignored by lima/summary because it exceeded search pattern filesize limit: output74_TruSeq3-PE_reverse_paired_fastqc.html
[2026-01-09 12:23:15,593] multiqc                                            [DEBUG  ]  File ignored by vep/vep_txt because it exceeded search pattern filesize limit: output74_TruSeq3-PE_reverse_paired_fastqc.html
[2026-01-09 12:23:15,599] multiqc                                            [DEBUG  ]  File ignored by longranger/invocation because it exceeded search pattern filesize limit: output74_TruSeq3-PE_reverse_paired_fastqc.html
[2026-01-09 12:23:15,599] multiqc                                            [DEBUG  ]  File ignored by rockhopper because it exceeded search pattern filesize limit: output74_TruSeq3-PE_reverse_paired_fastqc.html
[2026-01-09 12:23:15,599] multiqc                                            [DEBUG  ]  File ignored by rseqc/bam_stat because it exceeded search pattern filesize limit: output74_TruSeq3-PE_reverse_paired_fastqc.html
[2026-01-09 12:23:15,600] multiqc                                            [DEBUG  ]  File ignored by rseqc/junction_annotation because it exceeded search pattern filesize limit: output74_TruSeq3-PE_reverse_paired_fastqc.html
[2026-01-09 12:23:15,600] multiqc                                            [DEBUG  ]  File ignored by rseqc/read_distribution because it exceeded search pattern filesize limit: output74_TruSeq3-PE_reverse_paired_fastqc.html
[2026-01-09 12:23:15,600] multiqc                                            [DEBUG  ]  File ignored by rseqc/infer_experiment because it exceeded search pattern filesize limit: output74_TruSeq3-PE_reverse_paired_fastqc.html
[2026-01-09 12:23:19,525] multiqc                                            [DEBUG  ]  File ignored by nanostat because it exceeded search pattern filesize limit: output74_TruSeq3-PE_reverse_paired_fastqc.html
[2026-01-09 12:23:21,388] multiqc.plots.linegraph                            [DEBUG  ]  Using matplotlib version 3.5.1
[2026-01-09 12:23:21,390] multiqc.plots.bargraph                             [DEBUG  ]  Using matplotlib version 3.5.1
[2026-01-09 12:23:21,927] multiqc.modules.fastqc.fastqc                      [INFO   ]  Found 12 reports
[2026-01-09 12:23:22,235] multiqc                                            [INFO   ]  Compressing plot data
[2026-01-09 12:23:22,562] multiqc                                            [INFO   ]  Report      : multiqc_report.html
[2026-01-09 12:23:22,563] multiqc                                            [INFO   ]  Data        : multiqc_data
[2026-01-09 12:23:22,563] multiqc                                            [DEBUG  ]  Moving data file from '/tmp/tmpd2j_9j80/multiqc_data' to '/mnt/c/Users/aimer/Documents/bioinfo_PROJ/6_trimmed_data/trimmed_transcriptome/trimmo_TruSeq3-PE/FASTQC_trimmo_TruSeq3-PE/multiqc_data'
[2026-01-09 12:23:23,025] multiqc                                            [INFO   ]  MultiQC complete
