[2026-01-06 23:16:48,784] multiqc                                            [DEBUG  ]  This is MultiQC v1.12
[2026-01-06 23:16:48,785] multiqc                                            [DEBUG  ]  No MultiQC config found: /usr/lib/python3/dist-packages/multiqc_config.yaml
[2026-01-06 23:16:48,785] multiqc                                            [DEBUG  ]  No MultiQC config found: /home/canou2004/.multiqc_config.yaml
[2026-01-06 23:16:48,786] multiqc                                            [DEBUG  ]  No MultiQC config found: multiqc_config.yaml
[2026-01-06 23:16:48,786] multiqc                                            [DEBUG  ]  Command used: /usr/bin/multiqc .
[2026-01-06 23:16:49,110] multiqc                                            [WARNING]  MultiQC Version v1.33 now available!
[2026-01-06 23:16:49,111] multiqc                                            [DEBUG  ]  Command     : /usr/bin/multiqc .
[2026-01-06 23:16:49,111] multiqc                                            [DEBUG  ]  Working dir : /mnt/c/Users/aimer/Documents/bioinfo_PROJ/2_qualitycheck/2_genome/3_pacbio
[2026-01-06 23:16:49,111] multiqc                                            [DEBUG  ]  Template    : default
[2026-01-06 23:16:49,111] multiqc                                            [DEBUG  ]  Running Python 3.10.12 (main, Nov  4 2025, 08:48:33) [GCC 11.4.0]
[2026-01-06 23:16:49,111] multiqc                                            [DEBUG  ]  Analysing modules: custom_content, ccs, ngsderive, purple, conpair, lima, peddy, somalier, methylQA, mosdepth, phantompeakqualtools, qualimap, preseq, quast, qorts, rna_seqc, rockhopper, rsem, rseqc, busco, bustools, goleft_indexcov, gffcompare, disambiguate, supernova, deeptools, sargasso, verifybamid, mirtrace, happy, mirtop, sambamba, homer, hops, macs2, theta2, snpeff, gatk, htseq, bcftools, featureCounts, fgbio, dragen, dedup, pbmarkdup, damageprofiler, biobambam2, jcvi, mtnucratio, picard, vep, sentieon, prokka, qc3C, nanostat, samblaster, samtools, sexdeterrmine, eigenstratdatabasetools, bamtools, jellyfish, vcftools, longranger, stacks, varscan2, snippy, bbmap, bismark, biscuit, hicexplorer, hicup, hicpro, salmon, kallisto, slamdunk, star, hisat2, tophat, bowtie2, bowtie1, snpsplit, odgi, pangolin, kat, leehom, adapterRemoval, clipandmerge, cutadapt, flexbar, kaiju, kraken, malt, trimmomatic, sickle, skewer, sortmerna, biobloomtools, fastq_screen, afterqc, fastp, fastqc, pychopper, pycoqc, minionqc, multivcfanalyzer, clusterflow, checkqc, bcl2fastq, bclconvert, interop, ivar, flash, seqyclean, optitype, whatshap
[2026-01-06 23:16:49,112] multiqc                                            [DEBUG  ]  Using temporary directory for creating report: /tmp/tmp67d13vlk
[2026-01-06 23:16:49,113] multiqc                                            [INFO   ]  Search path : /mnt/c/Users/aimer/Documents/bioinfo_PROJ/2_qualitycheck/2_genome/3_pacbio
[2026-01-06 23:16:49,269] multiqc                                            [DEBUG  ]  File ignored by ccs/v4 because it exceeded search pattern filesize limit: E745.Pl1_fastqc.html
[2026-01-06 23:16:49,307] multiqc                                            [DEBUG  ]  File ignored by hicexplorer because it exceeded search pattern filesize limit: E745.Pl1_fastqc.html
[2026-01-06 23:16:49,310] multiqc                                            [DEBUG  ]  File ignored by lima/summary because it exceeded search pattern filesize limit: E745.Pl1_fastqc.html
[2026-01-06 23:16:49,371] multiqc                                            [DEBUG  ]  File ignored by vep/vep_txt because it exceeded search pattern filesize limit: E745.Pl1_fastqc.html
[2026-01-06 23:16:49,374] multiqc                                            [DEBUG  ]  File ignored by longranger/invocation because it exceeded search pattern filesize limit: E745.Pl1_fastqc.html
[2026-01-06 23:16:49,374] multiqc                                            [DEBUG  ]  File ignored by rockhopper because it exceeded search pattern filesize limit: E745.Pl1_fastqc.html
[2026-01-06 23:16:49,374] multiqc                                            [DEBUG  ]  File ignored by rseqc/bam_stat because it exceeded search pattern filesize limit: E745.Pl1_fastqc.html
[2026-01-06 23:16:49,374] multiqc                                            [DEBUG  ]  File ignored by rseqc/junction_annotation because it exceeded search pattern filesize limit: E745.Pl1_fastqc.html
[2026-01-06 23:16:49,374] multiqc                                            [DEBUG  ]  File ignored by rseqc/read_distribution because it exceeded search pattern filesize limit: E745.Pl1_fastqc.html
[2026-01-06 23:16:49,374] multiqc                                            [DEBUG  ]  File ignored by rseqc/infer_experiment because it exceeded search pattern filesize limit: E745.Pl1_fastqc.html
[2026-01-06 23:16:50,797] multiqc                                            [DEBUG  ]  File ignored by nanostat because it exceeded search pattern filesize limit: E745.Pl1_fastqc.html
[2026-01-06 23:16:50,962] multiqc                                            [DEBUG  ]  File ignored by ccs/v4 because it exceeded search pattern filesize limit: E745.Pl2_fastqc.html
[2026-01-06 23:16:51,011] multiqc                                            [DEBUG  ]  File ignored by hicexplorer because it exceeded search pattern filesize limit: E745.Pl2_fastqc.html
[2026-01-06 23:16:51,015] multiqc                                            [DEBUG  ]  File ignored by lima/summary because it exceeded search pattern filesize limit: E745.Pl2_fastqc.html
[2026-01-06 23:16:51,076] multiqc                                            [DEBUG  ]  File ignored by vep/vep_txt because it exceeded search pattern filesize limit: E745.Pl2_fastqc.html
[2026-01-06 23:16:51,081] multiqc                                            [DEBUG  ]  File ignored by longranger/invocation because it exceeded search pattern filesize limit: E745.Pl2_fastqc.html
[2026-01-06 23:16:51,081] multiqc                                            [DEBUG  ]  File ignored by rockhopper because it exceeded search pattern filesize limit: E745.Pl2_fastqc.html
[2026-01-06 23:16:51,081] multiqc                                            [DEBUG  ]  File ignored by rseqc/bam_stat because it exceeded search pattern filesize limit: E745.Pl2_fastqc.html
[2026-01-06 23:16:51,081] multiqc                                            [DEBUG  ]  File ignored by rseqc/junction_annotation because it exceeded search pattern filesize limit: E745.Pl2_fastqc.html
[2026-01-06 23:16:51,081] multiqc                                            [DEBUG  ]  File ignored by rseqc/read_distribution because it exceeded search pattern filesize limit: E745.Pl2_fastqc.html
[2026-01-06 23:16:51,081] multiqc                                            [DEBUG  ]  File ignored by rseqc/infer_experiment because it exceeded search pattern filesize limit: E745.Pl2_fastqc.html
[2026-01-06 23:16:52,311] multiqc                                            [DEBUG  ]  File ignored by nanostat because it exceeded search pattern filesize limit: E745.Pl2_fastqc.html
[2026-01-06 23:16:52,472] multiqc                                            [DEBUG  ]  File ignored by ccs/v4 because it exceeded search pattern filesize limit: E745.Pl3_fastqc.html
[2026-01-06 23:16:52,514] multiqc                                            [DEBUG  ]  File ignored by hicexplorer because it exceeded search pattern filesize limit: E745.Pl3_fastqc.html
[2026-01-06 23:16:52,518] multiqc                                            [DEBUG  ]  File ignored by lima/summary because it exceeded search pattern filesize limit: E745.Pl3_fastqc.html
[2026-01-06 23:16:52,582] multiqc                                            [DEBUG  ]  File ignored by vep/vep_txt because it exceeded search pattern filesize limit: E745.Pl3_fastqc.html
[2026-01-06 23:16:52,584] multiqc                                            [DEBUG  ]  File ignored by longranger/invocation because it exceeded search pattern filesize limit: E745.Pl3_fastqc.html
[2026-01-06 23:16:52,584] multiqc                                            [DEBUG  ]  File ignored by rockhopper because it exceeded search pattern filesize limit: E745.Pl3_fastqc.html
[2026-01-06 23:16:52,584] multiqc                                            [DEBUG  ]  File ignored by rseqc/bam_stat because it exceeded search pattern filesize limit: E745.Pl3_fastqc.html
[2026-01-06 23:16:52,584] multiqc                                            [DEBUG  ]  File ignored by rseqc/junction_annotation because it exceeded search pattern filesize limit: E745.Pl3_fastqc.html
[2026-01-06 23:16:52,584] multiqc                                            [DEBUG  ]  File ignored by rseqc/read_distribution because it exceeded search pattern filesize limit: E745.Pl3_fastqc.html
[2026-01-06 23:16:52,584] multiqc                                            [DEBUG  ]  File ignored by rseqc/infer_experiment because it exceeded search pattern filesize limit: E745.Pl3_fastqc.html
[2026-01-06 23:16:53,848] multiqc                                            [DEBUG  ]  File ignored by nanostat because it exceeded search pattern filesize limit: E745.Pl3_fastqc.html
[2026-01-06 23:16:54,004] multiqc                                            [DEBUG  ]  File ignored by ccs/v4 because it exceeded search pattern filesize limit: E745.Pl4_fastqc.html
[2026-01-06 23:16:54,033] multiqc                                            [DEBUG  ]  File ignored by hicexplorer because it exceeded search pattern filesize limit: E745.Pl4_fastqc.html
[2026-01-06 23:16:54,036] multiqc                                            [DEBUG  ]  File ignored by lima/summary because it exceeded search pattern filesize limit: E745.Pl4_fastqc.html
[2026-01-06 23:16:54,108] multiqc                                            [DEBUG  ]  File ignored by vep/vep_txt because it exceeded search pattern filesize limit: E745.Pl4_fastqc.html
[2026-01-06 23:16:54,109] multiqc                                            [DEBUG  ]  File ignored by longranger/invocation because it exceeded search pattern filesize limit: E745.Pl4_fastqc.html
[2026-01-06 23:16:54,110] multiqc                                            [DEBUG  ]  File ignored by rockhopper because it exceeded search pattern filesize limit: E745.Pl4_fastqc.html
[2026-01-06 23:16:54,110] multiqc                                            [DEBUG  ]  File ignored by rseqc/bam_stat because it exceeded search pattern filesize limit: E745.Pl4_fastqc.html
[2026-01-06 23:16:54,110] multiqc                                            [DEBUG  ]  File ignored by rseqc/junction_annotation because it exceeded search pattern filesize limit: E745.Pl4_fastqc.html
[2026-01-06 23:16:54,110] multiqc                                            [DEBUG  ]  File ignored by rseqc/read_distribution because it exceeded search pattern filesize limit: E745.Pl4_fastqc.html
[2026-01-06 23:16:54,110] multiqc                                            [DEBUG  ]  File ignored by rseqc/infer_experiment because it exceeded search pattern filesize limit: E745.Pl4_fastqc.html
[2026-01-06 23:16:55,355] multiqc                                            [DEBUG  ]  File ignored by nanostat because it exceeded search pattern filesize limit: E745.Pl4_fastqc.html
[2026-01-06 23:16:55,517] multiqc                                            [DEBUG  ]  File ignored by ccs/v4 because it exceeded search pattern filesize limit: E745.Pl5_fastqc.html
[2026-01-06 23:16:55,551] multiqc                                            [DEBUG  ]  File ignored by hicexplorer because it exceeded search pattern filesize limit: E745.Pl5_fastqc.html
[2026-01-06 23:16:55,555] multiqc                                            [DEBUG  ]  File ignored by lima/summary because it exceeded search pattern filesize limit: E745.Pl5_fastqc.html
[2026-01-06 23:16:55,627] multiqc                                            [DEBUG  ]  File ignored by vep/vep_txt because it exceeded search pattern filesize limit: E745.Pl5_fastqc.html
[2026-01-06 23:16:55,628] multiqc                                            [DEBUG  ]  File ignored by longranger/invocation because it exceeded search pattern filesize limit: E745.Pl5_fastqc.html
[2026-01-06 23:16:55,629] multiqc                                            [DEBUG  ]  File ignored by rockhopper because it exceeded search pattern filesize limit: E745.Pl5_fastqc.html
[2026-01-06 23:16:55,629] multiqc                                            [DEBUG  ]  File ignored by rseqc/bam_stat because it exceeded search pattern filesize limit: E745.Pl5_fastqc.html
[2026-01-06 23:16:55,629] multiqc                                            [DEBUG  ]  File ignored by rseqc/junction_annotation because it exceeded search pattern filesize limit: E745.Pl5_fastqc.html
[2026-01-06 23:16:55,629] multiqc                                            [DEBUG  ]  File ignored by rseqc/read_distribution because it exceeded search pattern filesize limit: E745.Pl5_fastqc.html
[2026-01-06 23:16:55,629] multiqc                                            [DEBUG  ]  File ignored by rseqc/infer_experiment because it exceeded search pattern filesize limit: E745.Pl5_fastqc.html
[2026-01-06 23:16:56,942] multiqc                                            [DEBUG  ]  File ignored by nanostat because it exceeded search pattern filesize limit: E745.Pl5_fastqc.html
[2026-01-06 23:16:57,119] multiqc                                            [DEBUG  ]  File ignored by ccs/v4 because it exceeded search pattern filesize limit: E745.Pl6_fastqc.html
[2026-01-06 23:16:57,161] multiqc                                            [DEBUG  ]  File ignored by hicexplorer because it exceeded search pattern filesize limit: E745.Pl6_fastqc.html
[2026-01-06 23:16:57,165] multiqc                                            [DEBUG  ]  File ignored by lima/summary because it exceeded search pattern filesize limit: E745.Pl6_fastqc.html
[2026-01-06 23:16:57,235] multiqc                                            [DEBUG  ]  File ignored by vep/vep_txt because it exceeded search pattern filesize limit: E745.Pl6_fastqc.html
[2026-01-06 23:16:57,237] multiqc                                            [DEBUG  ]  File ignored by longranger/invocation because it exceeded search pattern filesize limit: E745.Pl6_fastqc.html
[2026-01-06 23:16:57,237] multiqc                                            [DEBUG  ]  File ignored by rockhopper because it exceeded search pattern filesize limit: E745.Pl6_fastqc.html
[2026-01-06 23:16:57,237] multiqc                                            [DEBUG  ]  File ignored by rseqc/bam_stat because it exceeded search pattern filesize limit: E745.Pl6_fastqc.html
[2026-01-06 23:16:57,237] multiqc                                            [DEBUG  ]  File ignored by rseqc/junction_annotation because it exceeded search pattern filesize limit: E745.Pl6_fastqc.html
[2026-01-06 23:16:57,237] multiqc                                            [DEBUG  ]  File ignored by rseqc/read_distribution because it exceeded search pattern filesize limit: E745.Pl6_fastqc.html
[2026-01-06 23:16:57,238] multiqc                                            [DEBUG  ]  File ignored by rseqc/infer_experiment because it exceeded search pattern filesize limit: E745.Pl6_fastqc.html
[2026-01-06 23:16:58,502] multiqc                                            [DEBUG  ]  File ignored by nanostat because it exceeded search pattern filesize limit: E745.Pl6_fastqc.html
[2026-01-06 23:16:58,669] multiqc                                            [DEBUG  ]  File ignored by ccs/v4 because it exceeded search pattern filesize limit: E754.CHR_fastqc.html
[2026-01-06 23:16:58,716] multiqc                                            [DEBUG  ]  File ignored by hicexplorer because it exceeded search pattern filesize limit: E754.CHR_fastqc.html
[2026-01-06 23:16:58,721] multiqc                                            [DEBUG  ]  File ignored by lima/summary because it exceeded search pattern filesize limit: E754.CHR_fastqc.html
[2026-01-06 23:16:58,786] multiqc                                            [DEBUG  ]  File ignored by vep/vep_txt because it exceeded search pattern filesize limit: E754.CHR_fastqc.html
[2026-01-06 23:16:58,789] multiqc                                            [DEBUG  ]  File ignored by longranger/invocation because it exceeded search pattern filesize limit: E754.CHR_fastqc.html
[2026-01-06 23:16:58,789] multiqc                                            [DEBUG  ]  File ignored by rockhopper because it exceeded search pattern filesize limit: E754.CHR_fastqc.html
[2026-01-06 23:16:58,789] multiqc                                            [DEBUG  ]  File ignored by rseqc/bam_stat because it exceeded search pattern filesize limit: E754.CHR_fastqc.html
[2026-01-06 23:16:58,789] multiqc                                            [DEBUG  ]  File ignored by rseqc/junction_annotation because it exceeded search pattern filesize limit: E754.CHR_fastqc.html
[2026-01-06 23:16:58,789] multiqc                                            [DEBUG  ]  File ignored by rseqc/read_distribution because it exceeded search pattern filesize limit: E754.CHR_fastqc.html
[2026-01-06 23:16:58,789] multiqc                                            [DEBUG  ]  File ignored by rseqc/infer_experiment because it exceeded search pattern filesize limit: E754.CHR_fastqc.html
[2026-01-06 23:17:00,285] multiqc                                            [DEBUG  ]  File ignored by nanostat because it exceeded search pattern filesize limit: E754.CHR_fastqc.html
[2026-01-06 23:17:00,990] multiqc.plots.linegraph                            [DEBUG  ]  Using matplotlib version 3.5.1
[2026-01-06 23:17:00,990] multiqc.plots.bargraph                             [DEBUG  ]  Using matplotlib version 3.5.1
[2026-01-06 23:17:01,067] multiqc.modules.fastqc.fastqc                      [INFO   ]  Found 7 reports
[2026-01-06 23:17:01,171] multiqc                                            [INFO   ]  Compressing plot data
[2026-01-06 23:17:01,248] multiqc                                            [INFO   ]  Report      : multiqc_report.html
[2026-01-06 23:17:01,248] multiqc                                            [INFO   ]  Data        : multiqc_data
[2026-01-06 23:17:01,248] multiqc                                            [DEBUG  ]  Moving data file from '/tmp/tmp67d13vlk/multiqc_data' to '/mnt/c/Users/aimer/Documents/bioinfo_PROJ/2_qualitycheck/2_genome/3_pacbio/multiqc_data'
[2026-01-06 23:17:01,419] multiqc                                            [INFO   ]  MultiQC complete
