[2026-01-06 23:02:31,560] multiqc                                            [DEBUG  ]  This is MultiQC v1.12
[2026-01-06 23:02:31,560] multiqc                                            [DEBUG  ]  No MultiQC config found: /usr/lib/python3/dist-packages/multiqc_config.yaml
[2026-01-06 23:02:31,560] multiqc                                            [DEBUG  ]  No MultiQC config found: /home/canou2004/.multiqc_config.yaml
[2026-01-06 23:02:31,562] multiqc                                            [DEBUG  ]  No MultiQC config found: multiqc_config.yaml
[2026-01-06 23:02:31,562] multiqc                                            [DEBUG  ]  Command used: /usr/bin/multiqc .
[2026-01-06 23:02:31,909] multiqc                                            [WARNING]  MultiQC Version v1.33 now available!
[2026-01-06 23:02:31,909] multiqc                                            [DEBUG  ]  Command     : /usr/bin/multiqc .
[2026-01-06 23:02:31,909] multiqc                                            [DEBUG  ]  Working dir : /mnt/c/Users/aimer/Documents/bioinfo_PROJ/2_qualitycheck/2_genome/1_illumina
[2026-01-06 23:02:31,909] multiqc                                            [DEBUG  ]  Template    : default
[2026-01-06 23:02:31,909] multiqc                                            [DEBUG  ]  Running Python 3.10.12 (main, Nov  4 2025, 08:48:33) [GCC 11.4.0]
[2026-01-06 23:02:31,910] multiqc                                            [DEBUG  ]  Analysing modules: custom_content, ccs, ngsderive, purple, conpair, lima, peddy, somalier, methylQA, mosdepth, phantompeakqualtools, qualimap, preseq, quast, qorts, rna_seqc, rockhopper, rsem, rseqc, busco, bustools, goleft_indexcov, gffcompare, disambiguate, supernova, deeptools, sargasso, verifybamid, mirtrace, happy, mirtop, sambamba, homer, hops, macs2, theta2, snpeff, gatk, htseq, bcftools, featureCounts, fgbio, dragen, dedup, pbmarkdup, damageprofiler, biobambam2, jcvi, mtnucratio, picard, vep, sentieon, prokka, qc3C, nanostat, samblaster, samtools, sexdeterrmine, eigenstratdatabasetools, bamtools, jellyfish, vcftools, longranger, stacks, varscan2, snippy, bbmap, bismark, biscuit, hicexplorer, hicup, hicpro, salmon, kallisto, slamdunk, star, hisat2, tophat, bowtie2, bowtie1, snpsplit, odgi, pangolin, kat, leehom, adapterRemoval, clipandmerge, cutadapt, flexbar, kaiju, kraken, malt, trimmomatic, sickle, skewer, sortmerna, biobloomtools, fastq_screen, afterqc, fastp, fastqc, pychopper, pycoqc, minionqc, multivcfanalyzer, clusterflow, checkqc, bcl2fastq, bclconvert, interop, ivar, flash, seqyclean, optitype, whatshap
[2026-01-06 23:02:31,910] multiqc                                            [DEBUG  ]  Using temporary directory for creating report: /tmp/tmp5u5xq0gv
[2026-01-06 23:02:31,913] multiqc                                            [INFO   ]  Search path : /mnt/c/Users/aimer/Documents/bioinfo_PROJ/2_qualitycheck/2_genome/1_illumina
[2026-01-06 23:02:32,043] multiqc                                            [DEBUG  ]  File ignored by ccs/v4 because it exceeded search pattern filesize limit: E745.CHR.paired_dat1_fastqc.html
[2026-01-06 23:02:32,085] multiqc                                            [DEBUG  ]  File ignored by hicexplorer because it exceeded search pattern filesize limit: E745.CHR.paired_dat1_fastqc.html
[2026-01-06 23:02:32,089] multiqc                                            [DEBUG  ]  File ignored by lima/summary because it exceeded search pattern filesize limit: E745.CHR.paired_dat1_fastqc.html
[2026-01-06 23:02:32,148] multiqc                                            [DEBUG  ]  File ignored by vep/vep_txt because it exceeded search pattern filesize limit: E745.CHR.paired_dat1_fastqc.html
[2026-01-06 23:02:32,150] multiqc                                            [DEBUG  ]  File ignored by longranger/invocation because it exceeded search pattern filesize limit: E745.CHR.paired_dat1_fastqc.html
[2026-01-06 23:02:32,150] multiqc                                            [DEBUG  ]  File ignored by rockhopper because it exceeded search pattern filesize limit: E745.CHR.paired_dat1_fastqc.html
[2026-01-06 23:02:32,150] multiqc                                            [DEBUG  ]  File ignored by rseqc/bam_stat because it exceeded search pattern filesize limit: E745.CHR.paired_dat1_fastqc.html
[2026-01-06 23:02:32,150] multiqc                                            [DEBUG  ]  File ignored by rseqc/junction_annotation because it exceeded search pattern filesize limit: E745.CHR.paired_dat1_fastqc.html
[2026-01-06 23:02:32,150] multiqc                                            [DEBUG  ]  File ignored by rseqc/read_distribution because it exceeded search pattern filesize limit: E745.CHR.paired_dat1_fastqc.html
[2026-01-06 23:02:32,151] multiqc                                            [DEBUG  ]  File ignored by rseqc/infer_experiment because it exceeded search pattern filesize limit: E745.CHR.paired_dat1_fastqc.html
[2026-01-06 23:02:33,134] multiqc                                            [DEBUG  ]  File ignored by nanostat because it exceeded search pattern filesize limit: E745.CHR.paired_dat1_fastqc.html
[2026-01-06 23:02:33,284] multiqc                                            [DEBUG  ]  File ignored by ccs/v4 because it exceeded search pattern filesize limit: E745.CHR.paired_dat2_fastqc.html
[2026-01-06 23:02:33,321] multiqc                                            [DEBUG  ]  File ignored by hicexplorer because it exceeded search pattern filesize limit: E745.CHR.paired_dat2_fastqc.html
[2026-01-06 23:02:33,323] multiqc                                            [DEBUG  ]  File ignored by lima/summary because it exceeded search pattern filesize limit: E745.CHR.paired_dat2_fastqc.html
[2026-01-06 23:02:33,391] multiqc                                            [DEBUG  ]  File ignored by vep/vep_txt because it exceeded search pattern filesize limit: E745.CHR.paired_dat2_fastqc.html
[2026-01-06 23:02:33,393] multiqc                                            [DEBUG  ]  File ignored by longranger/invocation because it exceeded search pattern filesize limit: E745.CHR.paired_dat2_fastqc.html
[2026-01-06 23:02:33,393] multiqc                                            [DEBUG  ]  File ignored by rockhopper because it exceeded search pattern filesize limit: E745.CHR.paired_dat2_fastqc.html
[2026-01-06 23:02:33,393] multiqc                                            [DEBUG  ]  File ignored by rseqc/bam_stat because it exceeded search pattern filesize limit: E745.CHR.paired_dat2_fastqc.html
[2026-01-06 23:02:33,393] multiqc                                            [DEBUG  ]  File ignored by rseqc/junction_annotation because it exceeded search pattern filesize limit: E745.CHR.paired_dat2_fastqc.html
[2026-01-06 23:02:33,393] multiqc                                            [DEBUG  ]  File ignored by rseqc/read_distribution because it exceeded search pattern filesize limit: E745.CHR.paired_dat2_fastqc.html
[2026-01-06 23:02:33,393] multiqc                                            [DEBUG  ]  File ignored by rseqc/infer_experiment because it exceeded search pattern filesize limit: E745.CHR.paired_dat2_fastqc.html
[2026-01-06 23:02:34,321] multiqc                                            [DEBUG  ]  File ignored by nanostat because it exceeded search pattern filesize limit: E745.CHR.paired_dat2_fastqc.html
[2026-01-06 23:02:34,456] multiqc                                            [DEBUG  ]  File ignored by ccs/v4 because it exceeded search pattern filesize limit: E745.Pl1.paired_dat1_fastqc.html
[2026-01-06 23:02:34,490] multiqc                                            [DEBUG  ]  File ignored by hicexplorer because it exceeded search pattern filesize limit: E745.Pl1.paired_dat1_fastqc.html
[2026-01-06 23:02:34,495] multiqc                                            [DEBUG  ]  File ignored by lima/summary because it exceeded search pattern filesize limit: E745.Pl1.paired_dat1_fastqc.html
[2026-01-06 23:02:34,564] multiqc                                            [DEBUG  ]  File ignored by vep/vep_txt because it exceeded search pattern filesize limit: E745.Pl1.paired_dat1_fastqc.html
[2026-01-06 23:02:34,566] multiqc                                            [DEBUG  ]  File ignored by longranger/invocation because it exceeded search pattern filesize limit: E745.Pl1.paired_dat1_fastqc.html
[2026-01-06 23:02:34,566] multiqc                                            [DEBUG  ]  File ignored by rockhopper because it exceeded search pattern filesize limit: E745.Pl1.paired_dat1_fastqc.html
[2026-01-06 23:02:34,566] multiqc                                            [DEBUG  ]  File ignored by rseqc/bam_stat because it exceeded search pattern filesize limit: E745.Pl1.paired_dat1_fastqc.html
[2026-01-06 23:02:34,566] multiqc                                            [DEBUG  ]  File ignored by rseqc/junction_annotation because it exceeded search pattern filesize limit: E745.Pl1.paired_dat1_fastqc.html
[2026-01-06 23:02:34,566] multiqc                                            [DEBUG  ]  File ignored by rseqc/read_distribution because it exceeded search pattern filesize limit: E745.Pl1.paired_dat1_fastqc.html
[2026-01-06 23:02:34,566] multiqc                                            [DEBUG  ]  File ignored by rseqc/infer_experiment because it exceeded search pattern filesize limit: E745.Pl1.paired_dat1_fastqc.html
[2026-01-06 23:02:35,542] multiqc                                            [DEBUG  ]  File ignored by nanostat because it exceeded search pattern filesize limit: E745.Pl1.paired_dat1_fastqc.html
[2026-01-06 23:02:35,667] multiqc                                            [DEBUG  ]  File ignored by ccs/v4 because it exceeded search pattern filesize limit: E745.Pl1.paired_dat2_fastqc.html
[2026-01-06 23:02:35,699] multiqc                                            [DEBUG  ]  File ignored by hicexplorer because it exceeded search pattern filesize limit: E745.Pl1.paired_dat2_fastqc.html
[2026-01-06 23:02:35,702] multiqc                                            [DEBUG  ]  File ignored by lima/summary because it exceeded search pattern filesize limit: E745.Pl1.paired_dat2_fastqc.html
[2026-01-06 23:02:35,764] multiqc                                            [DEBUG  ]  File ignored by vep/vep_txt because it exceeded search pattern filesize limit: E745.Pl1.paired_dat2_fastqc.html
[2026-01-06 23:02:35,768] multiqc                                            [DEBUG  ]  File ignored by longranger/invocation because it exceeded search pattern filesize limit: E745.Pl1.paired_dat2_fastqc.html
[2026-01-06 23:02:35,768] multiqc                                            [DEBUG  ]  File ignored by rockhopper because it exceeded search pattern filesize limit: E745.Pl1.paired_dat2_fastqc.html
[2026-01-06 23:02:35,768] multiqc                                            [DEBUG  ]  File ignored by rseqc/bam_stat because it exceeded search pattern filesize limit: E745.Pl1.paired_dat2_fastqc.html
[2026-01-06 23:02:35,768] multiqc                                            [DEBUG  ]  File ignored by rseqc/junction_annotation because it exceeded search pattern filesize limit: E745.Pl1.paired_dat2_fastqc.html
[2026-01-06 23:02:35,768] multiqc                                            [DEBUG  ]  File ignored by rseqc/read_distribution because it exceeded search pattern filesize limit: E745.Pl1.paired_dat2_fastqc.html
[2026-01-06 23:02:35,768] multiqc                                            [DEBUG  ]  File ignored by rseqc/infer_experiment because it exceeded search pattern filesize limit: E745.Pl1.paired_dat2_fastqc.html
[2026-01-06 23:02:36,697] multiqc                                            [DEBUG  ]  File ignored by nanostat because it exceeded search pattern filesize limit: E745.Pl1.paired_dat2_fastqc.html
[2026-01-06 23:02:36,822] multiqc                                            [DEBUG  ]  File ignored by ccs/v4 because it exceeded search pattern filesize limit: E745.Pl2.paired_dat1_fastqc.html
[2026-01-06 23:02:36,852] multiqc                                            [DEBUG  ]  File ignored by hicexplorer because it exceeded search pattern filesize limit: E745.Pl2.paired_dat1_fastqc.html
[2026-01-06 23:02:36,854] multiqc                                            [DEBUG  ]  File ignored by lima/summary because it exceeded search pattern filesize limit: E745.Pl2.paired_dat1_fastqc.html
[2026-01-06 23:02:36,919] multiqc                                            [DEBUG  ]  File ignored by vep/vep_txt because it exceeded search pattern filesize limit: E745.Pl2.paired_dat1_fastqc.html
[2026-01-06 23:02:36,922] multiqc                                            [DEBUG  ]  File ignored by longranger/invocation because it exceeded search pattern filesize limit: E745.Pl2.paired_dat1_fastqc.html
[2026-01-06 23:02:36,922] multiqc                                            [DEBUG  ]  File ignored by rockhopper because it exceeded search pattern filesize limit: E745.Pl2.paired_dat1_fastqc.html
[2026-01-06 23:02:36,922] multiqc                                            [DEBUG  ]  File ignored by rseqc/bam_stat because it exceeded search pattern filesize limit: E745.Pl2.paired_dat1_fastqc.html
[2026-01-06 23:02:36,922] multiqc                                            [DEBUG  ]  File ignored by rseqc/junction_annotation because it exceeded search pattern filesize limit: E745.Pl2.paired_dat1_fastqc.html
[2026-01-06 23:02:36,922] multiqc                                            [DEBUG  ]  File ignored by rseqc/read_distribution because it exceeded search pattern filesize limit: E745.Pl2.paired_dat1_fastqc.html
[2026-01-06 23:02:36,922] multiqc                                            [DEBUG  ]  File ignored by rseqc/infer_experiment because it exceeded search pattern filesize limit: E745.Pl2.paired_dat1_fastqc.html
[2026-01-06 23:02:37,911] multiqc                                            [DEBUG  ]  File ignored by nanostat because it exceeded search pattern filesize limit: E745.Pl2.paired_dat1_fastqc.html
[2026-01-06 23:02:38,053] multiqc                                            [DEBUG  ]  File ignored by ccs/v4 because it exceeded search pattern filesize limit: E745.Pl2.paired_dat2_fastqc.html
[2026-01-06 23:02:38,088] multiqc                                            [DEBUG  ]  File ignored by hicexplorer because it exceeded search pattern filesize limit: E745.Pl2.paired_dat2_fastqc.html
[2026-01-06 23:02:38,091] multiqc                                            [DEBUG  ]  File ignored by lima/summary because it exceeded search pattern filesize limit: E745.Pl2.paired_dat2_fastqc.html
[2026-01-06 23:02:38,159] multiqc                                            [DEBUG  ]  File ignored by vep/vep_txt because it exceeded search pattern filesize limit: E745.Pl2.paired_dat2_fastqc.html
[2026-01-06 23:02:38,161] multiqc                                            [DEBUG  ]  File ignored by longranger/invocation because it exceeded search pattern filesize limit: E745.Pl2.paired_dat2_fastqc.html
[2026-01-06 23:02:38,161] multiqc                                            [DEBUG  ]  File ignored by rockhopper because it exceeded search pattern filesize limit: E745.Pl2.paired_dat2_fastqc.html
[2026-01-06 23:02:38,161] multiqc                                            [DEBUG  ]  File ignored by rseqc/bam_stat because it exceeded search pattern filesize limit: E745.Pl2.paired_dat2_fastqc.html
[2026-01-06 23:02:38,162] multiqc                                            [DEBUG  ]  File ignored by rseqc/junction_annotation because it exceeded search pattern filesize limit: E745.Pl2.paired_dat2_fastqc.html
[2026-01-06 23:02:38,162] multiqc                                            [DEBUG  ]  File ignored by rseqc/read_distribution because it exceeded search pattern filesize limit: E745.Pl2.paired_dat2_fastqc.html
[2026-01-06 23:02:38,162] multiqc                                            [DEBUG  ]  File ignored by rseqc/infer_experiment because it exceeded search pattern filesize limit: E745.Pl2.paired_dat2_fastqc.html
[2026-01-06 23:02:39,103] multiqc                                            [DEBUG  ]  File ignored by nanostat because it exceeded search pattern filesize limit: E745.Pl2.paired_dat2_fastqc.html
[2026-01-06 23:02:39,232] multiqc                                            [DEBUG  ]  File ignored by ccs/v4 because it exceeded search pattern filesize limit: E745.Pl3.paired_dat1_fastqc.html
[2026-01-06 23:02:39,279] multiqc                                            [DEBUG  ]  File ignored by hicexplorer because it exceeded search pattern filesize limit: E745.Pl3.paired_dat1_fastqc.html
[2026-01-06 23:02:39,281] multiqc                                            [DEBUG  ]  File ignored by lima/summary because it exceeded search pattern filesize limit: E745.Pl3.paired_dat1_fastqc.html
[2026-01-06 23:02:39,349] multiqc                                            [DEBUG  ]  File ignored by vep/vep_txt because it exceeded search pattern filesize limit: E745.Pl3.paired_dat1_fastqc.html
[2026-01-06 23:02:39,352] multiqc                                            [DEBUG  ]  File ignored by longranger/invocation because it exceeded search pattern filesize limit: E745.Pl3.paired_dat1_fastqc.html
[2026-01-06 23:02:39,352] multiqc                                            [DEBUG  ]  File ignored by rockhopper because it exceeded search pattern filesize limit: E745.Pl3.paired_dat1_fastqc.html
[2026-01-06 23:02:39,352] multiqc                                            [DEBUG  ]  File ignored by rseqc/bam_stat because it exceeded search pattern filesize limit: E745.Pl3.paired_dat1_fastqc.html
[2026-01-06 23:02:39,352] multiqc                                            [DEBUG  ]  File ignored by rseqc/junction_annotation because it exceeded search pattern filesize limit: E745.Pl3.paired_dat1_fastqc.html
[2026-01-06 23:02:39,352] multiqc                                            [DEBUG  ]  File ignored by rseqc/read_distribution because it exceeded search pattern filesize limit: E745.Pl3.paired_dat1_fastqc.html
[2026-01-06 23:02:39,352] multiqc                                            [DEBUG  ]  File ignored by rseqc/infer_experiment because it exceeded search pattern filesize limit: E745.Pl3.paired_dat1_fastqc.html
[2026-01-06 23:02:40,540] multiqc                                            [DEBUG  ]  File ignored by nanostat because it exceeded search pattern filesize limit: E745.Pl3.paired_dat1_fastqc.html
[2026-01-06 23:02:40,699] multiqc                                            [DEBUG  ]  File ignored by ccs/v4 because it exceeded search pattern filesize limit: E745.Pl3.paired_dat2_fastqc.html
[2026-01-06 23:02:40,728] multiqc                                            [DEBUG  ]  File ignored by hicexplorer because it exceeded search pattern filesize limit: E745.Pl3.paired_dat2_fastqc.html
[2026-01-06 23:02:40,733] multiqc                                            [DEBUG  ]  File ignored by lima/summary because it exceeded search pattern filesize limit: E745.Pl3.paired_dat2_fastqc.html
[2026-01-06 23:02:40,811] multiqc                                            [DEBUG  ]  File ignored by vep/vep_txt because it exceeded search pattern filesize limit: E745.Pl3.paired_dat2_fastqc.html
[2026-01-06 23:02:40,813] multiqc                                            [DEBUG  ]  File ignored by longranger/invocation because it exceeded search pattern filesize limit: E745.Pl3.paired_dat2_fastqc.html
[2026-01-06 23:02:40,813] multiqc                                            [DEBUG  ]  File ignored by rockhopper because it exceeded search pattern filesize limit: E745.Pl3.paired_dat2_fastqc.html
[2026-01-06 23:02:40,813] multiqc                                            [DEBUG  ]  File ignored by rseqc/bam_stat because it exceeded search pattern filesize limit: E745.Pl3.paired_dat2_fastqc.html
[2026-01-06 23:02:40,813] multiqc                                            [DEBUG  ]  File ignored by rseqc/junction_annotation because it exceeded search pattern filesize limit: E745.Pl3.paired_dat2_fastqc.html
[2026-01-06 23:02:40,813] multiqc                                            [DEBUG  ]  File ignored by rseqc/read_distribution because it exceeded search pattern filesize limit: E745.Pl3.paired_dat2_fastqc.html
[2026-01-06 23:02:40,813] multiqc                                            [DEBUG  ]  File ignored by rseqc/infer_experiment because it exceeded search pattern filesize limit: E745.Pl3.paired_dat2_fastqc.html
[2026-01-06 23:02:42,053] multiqc                                            [DEBUG  ]  File ignored by nanostat because it exceeded search pattern filesize limit: E745.Pl3.paired_dat2_fastqc.html
[2026-01-06 23:02:42,199] multiqc                                            [DEBUG  ]  File ignored by ccs/v4 because it exceeded search pattern filesize limit: E745.Pl4.paired_dat1_fastqc.html
[2026-01-06 23:02:42,234] multiqc                                            [DEBUG  ]  File ignored by hicexplorer because it exceeded search pattern filesize limit: E745.Pl4.paired_dat1_fastqc.html
[2026-01-06 23:02:42,237] multiqc                                            [DEBUG  ]  File ignored by lima/summary because it exceeded search pattern filesize limit: E745.Pl4.paired_dat1_fastqc.html
[2026-01-06 23:02:42,310] multiqc                                            [DEBUG  ]  File ignored by vep/vep_txt because it exceeded search pattern filesize limit: E745.Pl4.paired_dat1_fastqc.html
[2026-01-06 23:02:42,312] multiqc                                            [DEBUG  ]  File ignored by longranger/invocation because it exceeded search pattern filesize limit: E745.Pl4.paired_dat1_fastqc.html
[2026-01-06 23:02:42,312] multiqc                                            [DEBUG  ]  File ignored by rockhopper because it exceeded search pattern filesize limit: E745.Pl4.paired_dat1_fastqc.html
[2026-01-06 23:02:42,312] multiqc                                            [DEBUG  ]  File ignored by rseqc/bam_stat because it exceeded search pattern filesize limit: E745.Pl4.paired_dat1_fastqc.html
[2026-01-06 23:02:42,312] multiqc                                            [DEBUG  ]  File ignored by rseqc/junction_annotation because it exceeded search pattern filesize limit: E745.Pl4.paired_dat1_fastqc.html
[2026-01-06 23:02:42,312] multiqc                                            [DEBUG  ]  File ignored by rseqc/read_distribution because it exceeded search pattern filesize limit: E745.Pl4.paired_dat1_fastqc.html
[2026-01-06 23:02:42,312] multiqc                                            [DEBUG  ]  File ignored by rseqc/infer_experiment because it exceeded search pattern filesize limit: E745.Pl4.paired_dat1_fastqc.html
[2026-01-06 23:02:43,272] multiqc                                            [DEBUG  ]  File ignored by nanostat because it exceeded search pattern filesize limit: E745.Pl4.paired_dat1_fastqc.html
[2026-01-06 23:02:43,409] multiqc                                            [DEBUG  ]  File ignored by ccs/v4 because it exceeded search pattern filesize limit: E745.Pl4.paired_dat2_fastqc.html
[2026-01-06 23:02:43,448] multiqc                                            [DEBUG  ]  File ignored by hicexplorer because it exceeded search pattern filesize limit: E745.Pl4.paired_dat2_fastqc.html
[2026-01-06 23:02:43,452] multiqc                                            [DEBUG  ]  File ignored by lima/summary because it exceeded search pattern filesize limit: E745.Pl4.paired_dat2_fastqc.html
[2026-01-06 23:02:43,527] multiqc                                            [DEBUG  ]  File ignored by vep/vep_txt because it exceeded search pattern filesize limit: E745.Pl4.paired_dat2_fastqc.html
[2026-01-06 23:02:43,533] multiqc                                            [DEBUG  ]  File ignored by longranger/invocation because it exceeded search pattern filesize limit: E745.Pl4.paired_dat2_fastqc.html
[2026-01-06 23:02:43,533] multiqc                                            [DEBUG  ]  File ignored by rockhopper because it exceeded search pattern filesize limit: E745.Pl4.paired_dat2_fastqc.html
[2026-01-06 23:02:43,533] multiqc                                            [DEBUG  ]  File ignored by rseqc/bam_stat because it exceeded search pattern filesize limit: E745.Pl4.paired_dat2_fastqc.html
[2026-01-06 23:02:43,533] multiqc                                            [DEBUG  ]  File ignored by rseqc/junction_annotation because it exceeded search pattern filesize limit: E745.Pl4.paired_dat2_fastqc.html
[2026-01-06 23:02:43,533] multiqc                                            [DEBUG  ]  File ignored by rseqc/read_distribution because it exceeded search pattern filesize limit: E745.Pl4.paired_dat2_fastqc.html
[2026-01-06 23:02:43,533] multiqc                                            [DEBUG  ]  File ignored by rseqc/infer_experiment because it exceeded search pattern filesize limit: E745.Pl4.paired_dat2_fastqc.html
[2026-01-06 23:02:44,501] multiqc                                            [DEBUG  ]  File ignored by nanostat because it exceeded search pattern filesize limit: E745.Pl4.paired_dat2_fastqc.html
[2026-01-06 23:02:44,653] multiqc                                            [DEBUG  ]  File ignored by ccs/v4 because it exceeded search pattern filesize limit: E745.Pl5.paired_dat1_fastqc.html
[2026-01-06 23:02:44,688] multiqc                                            [DEBUG  ]  File ignored by hicexplorer because it exceeded search pattern filesize limit: E745.Pl5.paired_dat1_fastqc.html
[2026-01-06 23:02:44,691] multiqc                                            [DEBUG  ]  File ignored by lima/summary because it exceeded search pattern filesize limit: E745.Pl5.paired_dat1_fastqc.html
[2026-01-06 23:02:44,772] multiqc                                            [DEBUG  ]  File ignored by vep/vep_txt because it exceeded search pattern filesize limit: E745.Pl5.paired_dat1_fastqc.html
[2026-01-06 23:02:44,775] multiqc                                            [DEBUG  ]  File ignored by longranger/invocation because it exceeded search pattern filesize limit: E745.Pl5.paired_dat1_fastqc.html
[2026-01-06 23:02:44,775] multiqc                                            [DEBUG  ]  File ignored by rockhopper because it exceeded search pattern filesize limit: E745.Pl5.paired_dat1_fastqc.html
[2026-01-06 23:02:44,775] multiqc                                            [DEBUG  ]  File ignored by rseqc/bam_stat because it exceeded search pattern filesize limit: E745.Pl5.paired_dat1_fastqc.html
[2026-01-06 23:02:44,775] multiqc                                            [DEBUG  ]  File ignored by rseqc/junction_annotation because it exceeded search pattern filesize limit: E745.Pl5.paired_dat1_fastqc.html
[2026-01-06 23:02:44,775] multiqc                                            [DEBUG  ]  File ignored by rseqc/read_distribution because it exceeded search pattern filesize limit: E745.Pl5.paired_dat1_fastqc.html
[2026-01-06 23:02:44,775] multiqc                                            [DEBUG  ]  File ignored by rseqc/infer_experiment because it exceeded search pattern filesize limit: E745.Pl5.paired_dat1_fastqc.html
[2026-01-06 23:02:45,765] multiqc                                            [DEBUG  ]  File ignored by nanostat because it exceeded search pattern filesize limit: E745.Pl5.paired_dat1_fastqc.html
[2026-01-06 23:02:45,906] multiqc                                            [DEBUG  ]  File ignored by ccs/v4 because it exceeded search pattern filesize limit: E745.Pl5.paired_dat2_fastqc.html
[2026-01-06 23:02:45,936] multiqc                                            [DEBUG  ]  File ignored by hicexplorer because it exceeded search pattern filesize limit: E745.Pl5.paired_dat2_fastqc.html
[2026-01-06 23:02:45,938] multiqc                                            [DEBUG  ]  File ignored by lima/summary because it exceeded search pattern filesize limit: E745.Pl5.paired_dat2_fastqc.html
[2026-01-06 23:02:46,017] multiqc                                            [DEBUG  ]  File ignored by vep/vep_txt because it exceeded search pattern filesize limit: E745.Pl5.paired_dat2_fastqc.html
[2026-01-06 23:02:46,020] multiqc                                            [DEBUG  ]  File ignored by longranger/invocation because it exceeded search pattern filesize limit: E745.Pl5.paired_dat2_fastqc.html
[2026-01-06 23:02:46,020] multiqc                                            [DEBUG  ]  File ignored by rockhopper because it exceeded search pattern filesize limit: E745.Pl5.paired_dat2_fastqc.html
[2026-01-06 23:02:46,020] multiqc                                            [DEBUG  ]  File ignored by rseqc/bam_stat because it exceeded search pattern filesize limit: E745.Pl5.paired_dat2_fastqc.html
[2026-01-06 23:02:46,020] multiqc                                            [DEBUG  ]  File ignored by rseqc/junction_annotation because it exceeded search pattern filesize limit: E745.Pl5.paired_dat2_fastqc.html
[2026-01-06 23:02:46,020] multiqc                                            [DEBUG  ]  File ignored by rseqc/read_distribution because it exceeded search pattern filesize limit: E745.Pl5.paired_dat2_fastqc.html
[2026-01-06 23:02:46,020] multiqc                                            [DEBUG  ]  File ignored by rseqc/infer_experiment because it exceeded search pattern filesize limit: E745.Pl5.paired_dat2_fastqc.html
[2026-01-06 23:02:47,024] multiqc                                            [DEBUG  ]  File ignored by nanostat because it exceeded search pattern filesize limit: E745.Pl5.paired_dat2_fastqc.html
[2026-01-06 23:02:47,170] multiqc                                            [DEBUG  ]  File ignored by ccs/v4 because it exceeded search pattern filesize limit: E745.Pl6.paired_dat1_fastqc.html
[2026-01-06 23:02:47,205] multiqc                                            [DEBUG  ]  File ignored by hicexplorer because it exceeded search pattern filesize limit: E745.Pl6.paired_dat1_fastqc.html
[2026-01-06 23:02:47,213] multiqc                                            [DEBUG  ]  File ignored by lima/summary because it exceeded search pattern filesize limit: E745.Pl6.paired_dat1_fastqc.html
[2026-01-06 23:02:47,302] multiqc                                            [DEBUG  ]  File ignored by vep/vep_txt because it exceeded search pattern filesize limit: E745.Pl6.paired_dat1_fastqc.html
[2026-01-06 23:02:47,303] multiqc                                            [DEBUG  ]  File ignored by longranger/invocation because it exceeded search pattern filesize limit: E745.Pl6.paired_dat1_fastqc.html
[2026-01-06 23:02:47,304] multiqc                                            [DEBUG  ]  File ignored by rockhopper because it exceeded search pattern filesize limit: E745.Pl6.paired_dat1_fastqc.html
[2026-01-06 23:02:47,304] multiqc                                            [DEBUG  ]  File ignored by rseqc/bam_stat because it exceeded search pattern filesize limit: E745.Pl6.paired_dat1_fastqc.html
[2026-01-06 23:02:47,304] multiqc                                            [DEBUG  ]  File ignored by rseqc/junction_annotation because it exceeded search pattern filesize limit: E745.Pl6.paired_dat1_fastqc.html
[2026-01-06 23:02:47,304] multiqc                                            [DEBUG  ]  File ignored by rseqc/read_distribution because it exceeded search pattern filesize limit: E745.Pl6.paired_dat1_fastqc.html
[2026-01-06 23:02:47,304] multiqc                                            [DEBUG  ]  File ignored by rseqc/infer_experiment because it exceeded search pattern filesize limit: E745.Pl6.paired_dat1_fastqc.html
[2026-01-06 23:02:48,318] multiqc                                            [DEBUG  ]  File ignored by nanostat because it exceeded search pattern filesize limit: E745.Pl6.paired_dat1_fastqc.html
[2026-01-06 23:02:48,461] multiqc                                            [DEBUG  ]  File ignored by ccs/v4 because it exceeded search pattern filesize limit: E745.Pl6.paired_dat2_fastqc.html
[2026-01-06 23:02:48,499] multiqc                                            [DEBUG  ]  File ignored by hicexplorer because it exceeded search pattern filesize limit: E745.Pl6.paired_dat2_fastqc.html
[2026-01-06 23:02:48,504] multiqc                                            [DEBUG  ]  File ignored by lima/summary because it exceeded search pattern filesize limit: E745.Pl6.paired_dat2_fastqc.html
[2026-01-06 23:02:48,583] multiqc                                            [DEBUG  ]  File ignored by vep/vep_txt because it exceeded search pattern filesize limit: E745.Pl6.paired_dat2_fastqc.html
[2026-01-06 23:02:48,584] multiqc                                            [DEBUG  ]  File ignored by longranger/invocation because it exceeded search pattern filesize limit: E745.Pl6.paired_dat2_fastqc.html
[2026-01-06 23:02:48,584] multiqc                                            [DEBUG  ]  File ignored by rockhopper because it exceeded search pattern filesize limit: E745.Pl6.paired_dat2_fastqc.html
[2026-01-06 23:02:48,584] multiqc                                            [DEBUG  ]  File ignored by rseqc/bam_stat because it exceeded search pattern filesize limit: E745.Pl6.paired_dat2_fastqc.html
[2026-01-06 23:02:48,584] multiqc                                            [DEBUG  ]  File ignored by rseqc/junction_annotation because it exceeded search pattern filesize limit: E745.Pl6.paired_dat2_fastqc.html
[2026-01-06 23:02:48,584] multiqc                                            [DEBUG  ]  File ignored by rseqc/read_distribution because it exceeded search pattern filesize limit: E745.Pl6.paired_dat2_fastqc.html
[2026-01-06 23:02:48,585] multiqc                                            [DEBUG  ]  File ignored by rseqc/infer_experiment because it exceeded search pattern filesize limit: E745.Pl6.paired_dat2_fastqc.html
[2026-01-06 23:02:49,599] multiqc                                            [DEBUG  ]  File ignored by nanostat because it exceeded search pattern filesize limit: E745.Pl6.paired_dat2_fastqc.html
[2026-01-06 23:02:50,478] multiqc.plots.linegraph                            [DEBUG  ]  Using matplotlib version 3.5.1
[2026-01-06 23:02:50,480] multiqc.plots.bargraph                             [DEBUG  ]  Using matplotlib version 3.5.1
[2026-01-06 23:02:50,610] multiqc.modules.fastqc.fastqc                      [INFO   ]  Found 14 reports
[2026-01-06 23:02:50,888] multiqc                                            [INFO   ]  Compressing plot data
[2026-01-06 23:02:50,993] multiqc                                            [INFO   ]  Report      : multiqc_report.html
[2026-01-06 23:02:50,993] multiqc                                            [INFO   ]  Data        : multiqc_data
[2026-01-06 23:02:50,993] multiqc                                            [DEBUG  ]  Moving data file from '/tmp/tmp5u5xq0gv/multiqc_data' to '/mnt/c/Users/aimer/Documents/bioinfo_PROJ/2_qualitycheck/2_genome/1_illumina/multiqc_data'
[2026-01-06 23:02:51,206] multiqc                                            [INFO   ]  MultiQC complete
