[2026-01-06 23:10:50,425] multiqc                                            [DEBUG  ]  This is MultiQC v1.12
[2026-01-06 23:10:50,425] multiqc                                            [DEBUG  ]  No MultiQC config found: /usr/lib/python3/dist-packages/multiqc_config.yaml
[2026-01-06 23:10:50,425] multiqc                                            [DEBUG  ]  No MultiQC config found: /home/canou2004/.multiqc_config.yaml
[2026-01-06 23:10:50,427] multiqc                                            [DEBUG  ]  No MultiQC config found: multiqc_config.yaml
[2026-01-06 23:10:50,427] multiqc                                            [DEBUG  ]  Command used: /usr/bin/multiqc .
[2026-01-06 23:10:50,753] multiqc                                            [WARNING]  MultiQC Version v1.33 now available!
[2026-01-06 23:10:50,753] multiqc                                            [DEBUG  ]  Command     : /usr/bin/multiqc .
[2026-01-06 23:10:50,753] multiqc                                            [DEBUG  ]  Working dir : /mnt/c/Users/aimer/Documents/bioinfo_PROJ/2_qualitycheck/2_genome/2_nanopore
[2026-01-06 23:10:50,753] multiqc                                            [DEBUG  ]  Template    : default
[2026-01-06 23:10:50,753] multiqc                                            [DEBUG  ]  Running Python 3.10.12 (main, Nov  4 2025, 08:48:33) [GCC 11.4.0]
[2026-01-06 23:10:50,753] multiqc                                            [DEBUG  ]  Analysing modules: custom_content, ccs, ngsderive, purple, conpair, lima, peddy, somalier, methylQA, mosdepth, phantompeakqualtools, qualimap, preseq, quast, qorts, rna_seqc, rockhopper, rsem, rseqc, busco, bustools, goleft_indexcov, gffcompare, disambiguate, supernova, deeptools, sargasso, verifybamid, mirtrace, happy, mirtop, sambamba, homer, hops, macs2, theta2, snpeff, gatk, htseq, bcftools, featureCounts, fgbio, dragen, dedup, pbmarkdup, damageprofiler, biobambam2, jcvi, mtnucratio, picard, vep, sentieon, prokka, qc3C, nanostat, samblaster, samtools, sexdeterrmine, eigenstratdatabasetools, bamtools, jellyfish, vcftools, longranger, stacks, varscan2, snippy, bbmap, bismark, biscuit, hicexplorer, hicup, hicpro, salmon, kallisto, slamdunk, star, hisat2, tophat, bowtie2, bowtie1, snpsplit, odgi, pangolin, kat, leehom, adapterRemoval, clipandmerge, cutadapt, flexbar, kaiju, kraken, malt, trimmomatic, sickle, skewer, sortmerna, biobloomtools, fastq_screen, afterqc, fastp, fastqc, pychopper, pycoqc, minionqc, multivcfanalyzer, clusterflow, checkqc, bcl2fastq, bclconvert, interop, ivar, flash, seqyclean, optitype, whatshap
[2026-01-06 23:10:50,754] multiqc                                            [DEBUG  ]  Using temporary directory for creating report: /tmp/tmpj0qw8exc
[2026-01-06 23:10:50,756] multiqc                                            [INFO   ]  Search path : /mnt/c/Users/aimer/Documents/bioinfo_PROJ/2_qualitycheck/2_genome/2_nanopore
[2026-01-06 23:10:50,893] multiqc                                            [DEBUG  ]  File ignored by ccs/v4 because it exceeded search pattern filesize limit: E745.Pl1_fastqc.html
[2026-01-06 23:10:50,932] multiqc                                            [DEBUG  ]  File ignored by hicexplorer because it exceeded search pattern filesize limit: E745.Pl1_fastqc.html
[2026-01-06 23:10:50,935] multiqc                                            [DEBUG  ]  File ignored by lima/summary because it exceeded search pattern filesize limit: E745.Pl1_fastqc.html
[2026-01-06 23:10:50,989] multiqc                                            [DEBUG  ]  File ignored by vep/vep_txt because it exceeded search pattern filesize limit: E745.Pl1_fastqc.html
[2026-01-06 23:10:50,990] multiqc                                            [DEBUG  ]  File ignored by longranger/invocation because it exceeded search pattern filesize limit: E745.Pl1_fastqc.html
[2026-01-06 23:10:50,990] multiqc                                            [DEBUG  ]  File ignored by rockhopper because it exceeded search pattern filesize limit: E745.Pl1_fastqc.html
[2026-01-06 23:10:50,990] multiqc                                            [DEBUG  ]  File ignored by rseqc/bam_stat because it exceeded search pattern filesize limit: E745.Pl1_fastqc.html
[2026-01-06 23:10:50,990] multiqc                                            [DEBUG  ]  File ignored by rseqc/junction_annotation because it exceeded search pattern filesize limit: E745.Pl1_fastqc.html
[2026-01-06 23:10:50,990] multiqc                                            [DEBUG  ]  File ignored by rseqc/read_distribution because it exceeded search pattern filesize limit: E745.Pl1_fastqc.html
[2026-01-06 23:10:50,991] multiqc                                            [DEBUG  ]  File ignored by rseqc/infer_experiment because it exceeded search pattern filesize limit: E745.Pl1_fastqc.html
[2026-01-06 23:10:52,252] multiqc                                            [DEBUG  ]  File ignored by nanostat because it exceeded search pattern filesize limit: E745.Pl1_fastqc.html
[2026-01-06 23:10:52,408] multiqc                                            [DEBUG  ]  File ignored by ccs/v4 because it exceeded search pattern filesize limit: E745.Pl2_fastqc.html
[2026-01-06 23:10:52,452] multiqc                                            [DEBUG  ]  File ignored by hicexplorer because it exceeded search pattern filesize limit: E745.Pl2_fastqc.html
[2026-01-06 23:10:52,455] multiqc                                            [DEBUG  ]  File ignored by lima/summary because it exceeded search pattern filesize limit: E745.Pl2_fastqc.html
[2026-01-06 23:10:52,506] multiqc                                            [DEBUG  ]  File ignored by vep/vep_txt because it exceeded search pattern filesize limit: E745.Pl2_fastqc.html
[2026-01-06 23:10:52,508] multiqc                                            [DEBUG  ]  File ignored by longranger/invocation because it exceeded search pattern filesize limit: E745.Pl2_fastqc.html
[2026-01-06 23:10:52,508] multiqc                                            [DEBUG  ]  File ignored by rockhopper because it exceeded search pattern filesize limit: E745.Pl2_fastqc.html
[2026-01-06 23:10:52,508] multiqc                                            [DEBUG  ]  File ignored by rseqc/bam_stat because it exceeded search pattern filesize limit: E745.Pl2_fastqc.html
[2026-01-06 23:10:52,508] multiqc                                            [DEBUG  ]  File ignored by rseqc/junction_annotation because it exceeded search pattern filesize limit: E745.Pl2_fastqc.html
[2026-01-06 23:10:52,508] multiqc                                            [DEBUG  ]  File ignored by rseqc/read_distribution because it exceeded search pattern filesize limit: E745.Pl2_fastqc.html
[2026-01-06 23:10:52,508] multiqc                                            [DEBUG  ]  File ignored by rseqc/infer_experiment because it exceeded search pattern filesize limit: E745.Pl2_fastqc.html
[2026-01-06 23:10:53,582] multiqc                                            [DEBUG  ]  File ignored by nanostat because it exceeded search pattern filesize limit: E745.Pl2_fastqc.html
[2026-01-06 23:10:53,719] multiqc                                            [DEBUG  ]  File ignored by ccs/v4 because it exceeded search pattern filesize limit: E745.Pl3_fastqc.html
[2026-01-06 23:10:53,749] multiqc                                            [DEBUG  ]  File ignored by hicexplorer because it exceeded search pattern filesize limit: E745.Pl3_fastqc.html
[2026-01-06 23:10:53,752] multiqc                                            [DEBUG  ]  File ignored by lima/summary because it exceeded search pattern filesize limit: E745.Pl3_fastqc.html
[2026-01-06 23:10:53,824] multiqc                                            [DEBUG  ]  File ignored by vep/vep_txt because it exceeded search pattern filesize limit: E745.Pl3_fastqc.html
[2026-01-06 23:10:53,826] multiqc                                            [DEBUG  ]  File ignored by longranger/invocation because it exceeded search pattern filesize limit: E745.Pl3_fastqc.html
[2026-01-06 23:10:53,826] multiqc                                            [DEBUG  ]  File ignored by rockhopper because it exceeded search pattern filesize limit: E745.Pl3_fastqc.html
[2026-01-06 23:10:53,826] multiqc                                            [DEBUG  ]  File ignored by rseqc/bam_stat because it exceeded search pattern filesize limit: E745.Pl3_fastqc.html
[2026-01-06 23:10:53,826] multiqc                                            [DEBUG  ]  File ignored by rseqc/junction_annotation because it exceeded search pattern filesize limit: E745.Pl3_fastqc.html
[2026-01-06 23:10:53,826] multiqc                                            [DEBUG  ]  File ignored by rseqc/read_distribution because it exceeded search pattern filesize limit: E745.Pl3_fastqc.html
[2026-01-06 23:10:53,826] multiqc                                            [DEBUG  ]  File ignored by rseqc/infer_experiment because it exceeded search pattern filesize limit: E745.Pl3_fastqc.html
[2026-01-06 23:10:54,986] multiqc                                            [DEBUG  ]  File ignored by nanostat because it exceeded search pattern filesize limit: E745.Pl3_fastqc.html
[2026-01-06 23:10:55,143] multiqc                                            [DEBUG  ]  File ignored by ccs/v4 because it exceeded search pattern filesize limit: E745.Pl4_fastqc.html
[2026-01-06 23:10:55,170] multiqc                                            [DEBUG  ]  File ignored by hicexplorer because it exceeded search pattern filesize limit: E745.Pl4_fastqc.html
[2026-01-06 23:10:55,173] multiqc                                            [DEBUG  ]  File ignored by lima/summary because it exceeded search pattern filesize limit: E745.Pl4_fastqc.html
[2026-01-06 23:10:55,243] multiqc                                            [DEBUG  ]  File ignored by vep/vep_txt because it exceeded search pattern filesize limit: E745.Pl4_fastqc.html
[2026-01-06 23:10:55,244] multiqc                                            [DEBUG  ]  File ignored by longranger/invocation because it exceeded search pattern filesize limit: E745.Pl4_fastqc.html
[2026-01-06 23:10:55,244] multiqc                                            [DEBUG  ]  File ignored by rockhopper because it exceeded search pattern filesize limit: E745.Pl4_fastqc.html
[2026-01-06 23:10:55,245] multiqc                                            [DEBUG  ]  File ignored by rseqc/bam_stat because it exceeded search pattern filesize limit: E745.Pl4_fastqc.html
[2026-01-06 23:10:55,245] multiqc                                            [DEBUG  ]  File ignored by rseqc/junction_annotation because it exceeded search pattern filesize limit: E745.Pl4_fastqc.html
[2026-01-06 23:10:55,245] multiqc                                            [DEBUG  ]  File ignored by rseqc/read_distribution because it exceeded search pattern filesize limit: E745.Pl4_fastqc.html
[2026-01-06 23:10:55,245] multiqc                                            [DEBUG  ]  File ignored by rseqc/infer_experiment because it exceeded search pattern filesize limit: E745.Pl4_fastqc.html
[2026-01-06 23:10:56,281] multiqc                                            [DEBUG  ]  File ignored by nanostat because it exceeded search pattern filesize limit: E745.Pl4_fastqc.html
[2026-01-06 23:10:56,422] multiqc                                            [DEBUG  ]  File ignored by ccs/v4 because it exceeded search pattern filesize limit: E745.Pl5_fastqc.html
[2026-01-06 23:10:56,465] multiqc                                            [DEBUG  ]  File ignored by hicexplorer because it exceeded search pattern filesize limit: E745.Pl5_fastqc.html
[2026-01-06 23:10:56,469] multiqc                                            [DEBUG  ]  File ignored by lima/summary because it exceeded search pattern filesize limit: E745.Pl5_fastqc.html
[2026-01-06 23:10:56,543] multiqc                                            [DEBUG  ]  File ignored by vep/vep_txt because it exceeded search pattern filesize limit: E745.Pl5_fastqc.html
[2026-01-06 23:10:56,547] multiqc                                            [DEBUG  ]  File ignored by longranger/invocation because it exceeded search pattern filesize limit: E745.Pl5_fastqc.html
[2026-01-06 23:10:56,547] multiqc                                            [DEBUG  ]  File ignored by rockhopper because it exceeded search pattern filesize limit: E745.Pl5_fastqc.html
[2026-01-06 23:10:56,547] multiqc                                            [DEBUG  ]  File ignored by rseqc/bam_stat because it exceeded search pattern filesize limit: E745.Pl5_fastqc.html
[2026-01-06 23:10:56,547] multiqc                                            [DEBUG  ]  File ignored by rseqc/junction_annotation because it exceeded search pattern filesize limit: E745.Pl5_fastqc.html
[2026-01-06 23:10:56,547] multiqc                                            [DEBUG  ]  File ignored by rseqc/read_distribution because it exceeded search pattern filesize limit: E745.Pl5_fastqc.html
[2026-01-06 23:10:56,547] multiqc                                            [DEBUG  ]  File ignored by rseqc/infer_experiment because it exceeded search pattern filesize limit: E745.Pl5_fastqc.html
[2026-01-06 23:10:57,703] multiqc                                            [DEBUG  ]  File ignored by nanostat because it exceeded search pattern filesize limit: E745.Pl5_fastqc.html
[2026-01-06 23:10:57,843] multiqc                                            [DEBUG  ]  File ignored by ccs/v4 because it exceeded search pattern filesize limit: E745.Pl6_fastqc.html
[2026-01-06 23:10:57,883] multiqc                                            [DEBUG  ]  File ignored by hicexplorer because it exceeded search pattern filesize limit: E745.Pl6_fastqc.html
[2026-01-06 23:10:57,887] multiqc                                            [DEBUG  ]  File ignored by lima/summary because it exceeded search pattern filesize limit: E745.Pl6_fastqc.html
[2026-01-06 23:10:57,954] multiqc                                            [DEBUG  ]  File ignored by vep/vep_txt because it exceeded search pattern filesize limit: E745.Pl6_fastqc.html
[2026-01-06 23:10:57,956] multiqc                                            [DEBUG  ]  File ignored by longranger/invocation because it exceeded search pattern filesize limit: E745.Pl6_fastqc.html
[2026-01-06 23:10:57,956] multiqc                                            [DEBUG  ]  File ignored by rockhopper because it exceeded search pattern filesize limit: E745.Pl6_fastqc.html
[2026-01-06 23:10:57,956] multiqc                                            [DEBUG  ]  File ignored by rseqc/bam_stat because it exceeded search pattern filesize limit: E745.Pl6_fastqc.html
[2026-01-06 23:10:57,956] multiqc                                            [DEBUG  ]  File ignored by rseqc/junction_annotation because it exceeded search pattern filesize limit: E745.Pl6_fastqc.html
[2026-01-06 23:10:57,956] multiqc                                            [DEBUG  ]  File ignored by rseqc/read_distribution because it exceeded search pattern filesize limit: E745.Pl6_fastqc.html
[2026-01-06 23:10:57,956] multiqc                                            [DEBUG  ]  File ignored by rseqc/infer_experiment because it exceeded search pattern filesize limit: E745.Pl6_fastqc.html
[2026-01-06 23:10:59,130] multiqc                                            [DEBUG  ]  File ignored by nanostat because it exceeded search pattern filesize limit: E745.Pl6_fastqc.html
[2026-01-06 23:10:59,309] multiqc                                            [DEBUG  ]  File ignored by ccs/v4 because it exceeded search pattern filesize limit: E754.CHR_fastqc.html
[2026-01-06 23:10:59,337] multiqc                                            [DEBUG  ]  File ignored by hicexplorer because it exceeded search pattern filesize limit: E754.CHR_fastqc.html
[2026-01-06 23:10:59,340] multiqc                                            [DEBUG  ]  File ignored by lima/summary because it exceeded search pattern filesize limit: E754.CHR_fastqc.html
[2026-01-06 23:10:59,392] multiqc                                            [DEBUG  ]  File ignored by vep/vep_txt because it exceeded search pattern filesize limit: E754.CHR_fastqc.html
[2026-01-06 23:10:59,394] multiqc                                            [DEBUG  ]  File ignored by longranger/invocation because it exceeded search pattern filesize limit: E754.CHR_fastqc.html
[2026-01-06 23:10:59,394] multiqc                                            [DEBUG  ]  File ignored by rockhopper because it exceeded search pattern filesize limit: E754.CHR_fastqc.html
[2026-01-06 23:10:59,394] multiqc                                            [DEBUG  ]  File ignored by rseqc/bam_stat because it exceeded search pattern filesize limit: E754.CHR_fastqc.html
[2026-01-06 23:10:59,394] multiqc                                            [DEBUG  ]  File ignored by rseqc/junction_annotation because it exceeded search pattern filesize limit: E754.CHR_fastqc.html
[2026-01-06 23:10:59,394] multiqc                                            [DEBUG  ]  File ignored by rseqc/read_distribution because it exceeded search pattern filesize limit: E754.CHR_fastqc.html
[2026-01-06 23:10:59,394] multiqc                                            [DEBUG  ]  File ignored by rseqc/infer_experiment because it exceeded search pattern filesize limit: E754.CHR_fastqc.html
[2026-01-06 23:11:00,572] multiqc                                            [DEBUG  ]  File ignored by nanostat because it exceeded search pattern filesize limit: E754.CHR_fastqc.html
[2026-01-06 23:11:01,235] multiqc.plots.linegraph                            [DEBUG  ]  Using matplotlib version 3.5.1
[2026-01-06 23:11:01,236] multiqc.plots.bargraph                             [DEBUG  ]  Using matplotlib version 3.5.1
[2026-01-06 23:11:01,305] multiqc.modules.fastqc.fastqc                      [INFO   ]  Found 7 reports
[2026-01-06 23:11:01,405] multiqc                                            [INFO   ]  Compressing plot data
[2026-01-06 23:11:01,472] multiqc                                            [INFO   ]  Report      : multiqc_report.html
[2026-01-06 23:11:01,473] multiqc                                            [INFO   ]  Data        : multiqc_data
[2026-01-06 23:11:01,473] multiqc                                            [DEBUG  ]  Moving data file from '/tmp/tmpj0qw8exc/multiqc_data' to '/mnt/c/Users/aimer/Documents/bioinfo_PROJ/2_qualitycheck/2_genome/2_nanopore/multiqc_data'
[2026-01-06 23:11:01,637] multiqc                                            [INFO   ]  MultiQC complete
